EXTI.c:37:6:Enable_NVIC	16	static
EXTI.c:76:6:Disable_NVIC	16	static
EXTI.c:124:6:Update_EXTI	24	static
EXTI.c:187:6:MCAL_EXTI_GPIO_Init	16	static
EXTI.c:201:6:MCAL_EXTI_GPIO_DeInit	4	static
EXTI.c:232:6:MCAL_EXTI_GPIO_Update	16	static
EXTI.c:245:6:EXTI0_IRQHandler	8	static
EXTI.c:254:6:EXTI1_IRQHandler	8	static
EXTI.c:262:6:EXTI2_IRQHandler	8	static
EXTI.c:271:6:EXTI3_IRQHandler	8	static
EXTI.c:279:6:EXTI4_IRQHandler	8	static
EXTI.c:288:6:EXTI9_5_IRQHandler	8	static
EXTI.c:298:6:EXTI15_10_IRQHandler	8	static
