
Allocating common symbols
Common symbol       size              file

AL_state_id         0x1               Alarm.o
PC_state            0x4               Controller.o
AL_state            0x4               Alarm.o
PS_state            0x4               Sensor.o
PS_state_id         0x1               main.o
PC_state_id         0x1               Controller.o

Memory Configuration

Name             Origin             Length             Attributes
FLASH            0x08000000         0x00020000         xr
SRAM             0x20000000         0x00005000         xrw
*default*        0x00000000         0xffffffff

Linker script and memory map


.text           0x08000000      0x36c
 *(.vectors*)
 .vectors       0x08000000       0x1c startup.o
                0x08000000                vectors
 *(.text*)
 .text          0x0800001c       0x98 Alarm.o
                0x0800001c                ST_AL_idle
                0x08000040                SetTimer
                0x0800006c                ST_AL_busy
 .text          0x080000b4       0x80 Controller.o
                0x080000b4                ST_PC_idle
                0x080000cc                ST_PC_busy
                0x08000108                PressureVal
 .text          0x08000134       0xc4 driver.o
                0x08000134                Delay
                0x08000154                getPressureVal
                0x0800016c                Set_Alarm_actuator
                0x080001a8                GPIO_INITIALIZATION
 .text          0x080001f8       0x48 main.o
                0x080001f8                main
 .text          0x08000240       0x64 Sensor.o
                0x08000240                ST_PS_idle
                0x0800027c                ST_PS_busy
 .text          0x080002a4       0xc8 startup.o
                0x080002a4                Reset_Handler
                0x08000330                NMI_Handler
                0x0800033c                H_Handler
                0x08000348                MM_Fault_Handler
                0x08000354                Bus_Fault
                0x08000360                Usage_Fault_Handler
 *(.rodata*)
                0x0800036c                _E_text = .

.glue_7         0x0800036c        0x0
 .glue_7        0x0800036c        0x0 linker stubs

.glue_7t        0x0800036c        0x0
 .glue_7t       0x0800036c        0x0 linker stubs

.vfp11_veneer   0x0800036c        0x0
 .vfp11_veneer  0x0800036c        0x0 linker stubs

.v4_bx          0x0800036c        0x0
 .v4_bx         0x0800036c        0x0 linker stubs

.iplt           0x0800036c        0x0
 .iplt          0x0800036c        0x0 Alarm.o

.rel.dyn        0x0800036c        0x0
 .rel.iplt      0x0800036c        0x0 Alarm.o

.data           0x20000000        0x8 load address 0x0800036c
                0x20000000                _S_DATA = .
 *(.data*)
 .data          0x20000000        0x0 Alarm.o
 .data          0x20000000        0x8 Controller.o
 .data          0x20000008        0x0 driver.o
 .data          0x20000008        0x0 main.o
 .data          0x20000008        0x0 Sensor.o
 .data          0x20000008        0x0 startup.o
                0x20000008                . = ALIGN (0x4)
                0x20000008                _E_DATA = .

.igot.plt       0x20000008        0x0 load address 0x08000374
 .igot.plt      0x20000008        0x0 Alarm.o

.bss            0x20000008     0x1020 load address 0x08000374
                0x20000008                _S_bss = .
 *(.bss*)
 .bss           0x20000008        0x4 Alarm.o
 .bss           0x2000000c        0x4 Controller.o
 .bss           0x20000010        0x0 driver.o
 .bss           0x20000010        0x0 main.o
 .bss           0x20000010        0x4 Sensor.o
 .bss           0x20000014        0x0 startup.o
                0x20000014                . = ALIGN (0x4)
                0x20000014                _E_bss = .
                0x20000014                . = ALIGN (0x4)
                0x20001014                . = (. + 0x1000)
 *fill*         0x20000014     0x1000 
                0x20001014                _stack_top = .
 COMMON         0x20001014        0x8 Alarm.o
                0x20001014                AL_state_id
                0x20001018                AL_state
 COMMON         0x2000101c        0x5 Controller.o
                0x2000101c                PC_state
                0x20001020                PC_state_id
 COMMON         0x20001021        0x1 main.o
                0x20001021                PS_state_id
 *fill*         0x20001022        0x2 
 COMMON         0x20001024        0x4 Sensor.o
                0x20001024                PS_state
LOAD Alarm.o
LOAD Controller.o
LOAD driver.o
LOAD main.o
LOAD Sensor.o
LOAD startup.o
OUTPUT(pressure_controller.elf elf32-littlearm)

.debug_info     0x00000000     0x2b6d
 .debug_info    0x00000000      0xa2a Alarm.o
 .debug_info    0x00000a2a      0x112 Controller.o
 .debug_info    0x00000b3c      0xa05 driver.o
 .debug_info    0x00001541      0xa46 main.o
 .debug_info    0x00001f87      0xa03 Sensor.o
 .debug_info    0x0000298a      0x1e3 startup.o

.debug_abbrev   0x00000000      0x925
 .debug_abbrev  0x00000000      0x203 Alarm.o
 .debug_abbrev  0x00000203       0xd6 Controller.o
 .debug_abbrev  0x000002d9      0x1de driver.o
 .debug_abbrev  0x000004b7      0x1c0 main.o
 .debug_abbrev  0x00000677      0x1da Sensor.o
 .debug_abbrev  0x00000851       0xd4 startup.o

.debug_loc      0x00000000      0x458
 .debug_loc     0x00000000       0xb4 Alarm.o
 .debug_loc     0x000000b4       0xb4 Controller.o
 .debug_loc     0x00000168      0x140 driver.o
 .debug_loc     0x000002a8       0x2c main.o
 .debug_loc     0x000002d4       0x58 Sensor.o
 .debug_loc     0x0000032c      0x12c startup.o

.debug_aranges  0x00000000       0xc0
 .debug_aranges
                0x00000000       0x20 Alarm.o
 .debug_aranges
                0x00000020       0x20 Controller.o
 .debug_aranges
                0x00000040       0x20 driver.o
 .debug_aranges
                0x00000060       0x20 main.o
 .debug_aranges
                0x00000080       0x20 Sensor.o
 .debug_aranges
                0x000000a0       0x20 startup.o

.debug_line     0x00000000      0x72f
 .debug_line    0x00000000      0x137 Alarm.o
 .debug_line    0x00000137       0x59 Controller.o
 .debug_line    0x00000190      0x1b9 driver.o
 .debug_line    0x00000349      0x15a main.o
 .debug_line    0x000004a3      0x135 Sensor.o
 .debug_line    0x000005d8      0x157 startup.o

.debug_str      0x00000000      0x68f
 .debug_str     0x00000000      0x4f8 Alarm.o
                                0x566 (size before relaxing)
 .debug_str     0x000004f8       0x4b Controller.o
                                0x12b (size before relaxing)
 .debug_str     0x00000543       0x57 driver.o
                                0x571 (size before relaxing)
 .debug_str     0x0000059a       0x21 main.o
                                0x58c (size before relaxing)
 .debug_str     0x000005bb       0x1f Sensor.o
                                0x55e (size before relaxing)
 .debug_str     0x000005da       0xb5 startup.o
                                0x1ed (size before relaxing)

.comment        0x00000000       0x7e
 .comment       0x00000000       0x7e Alarm.o
                                 0x7f (size before relaxing)
 .comment       0x0000007e       0x7f Controller.o
 .comment       0x0000007e       0x7f driver.o
 .comment       0x0000007e       0x7f main.o
 .comment       0x0000007e       0x7f Sensor.o
 .comment       0x0000007e       0x7f startup.o

.ARM.attributes
                0x00000000       0x33
 .ARM.attributes
                0x00000000       0x33 Alarm.o
 .ARM.attributes
                0x00000033       0x33 Controller.o
 .ARM.attributes
                0x00000066       0x33 driver.o
 .ARM.attributes
                0x00000099       0x33 main.o
 .ARM.attributes
                0x000000cc       0x33 Sensor.o
 .ARM.attributes
                0x000000ff       0x33 startup.o

.debug_frame    0x00000000      0x2b4
 .debug_frame   0x00000000       0x70 Alarm.o
 .debug_frame   0x00000070       0x70 Controller.o
 .debug_frame   0x000000e0       0xa0 driver.o
 .debug_frame   0x00000180       0x2c main.o
 .debug_frame   0x000001ac       0x48 Sensor.o
 .debug_frame   0x000001f4       0xc0 startup.o
