Archive member included to satisfy reference by file (symbol)

c:/st/stm32cubeide_1.4.0/stm32cubeide/plugins/com.st.stm32cube.ide.mcu.externaltools.gnu-tools-for-stm32.7-2018-q2-update.win32_1.4.0.202007081208/tools/bin/../lib/gcc/arm-none-eabi/7.3.1/../../../../arm-none-eabi/lib/thumb/v7-m\libc_nano.a(lib_a-errno.o)
                              Src/syscalls.o (__errno)
c:/st/stm32cubeide_1.4.0/stm32cubeide/plugins/com.st.stm32cube.ide.mcu.externaltools.gnu-tools-for-stm32.7-2018-q2-update.win32_1.4.0.202007081208/tools/bin/../lib/gcc/arm-none-eabi/7.3.1/../../../../arm-none-eabi/lib/thumb/v7-m\libc_nano.a(lib_a-exit.o)
                              c:/st/stm32cubeide_1.4.0/stm32cubeide/plugins/com.st.stm32cube.ide.mcu.externaltools.gnu-tools-for-stm32.7-2018-q2-update.win32_1.4.0.202007081208/tools/bin/../lib/gcc/arm-none-eabi/7.3.1/../../../../arm-none-eabi/lib/thumb/v7-m/crt0.o (exit)
c:/st/stm32cubeide_1.4.0/stm32cubeide/plugins/com.st.stm32cube.ide.mcu.externaltools.gnu-tools-for-stm32.7-2018-q2-update.win32_1.4.0.202007081208/tools/bin/../lib/gcc/arm-none-eabi/7.3.1/../../../../arm-none-eabi/lib/thumb/v7-m\libc_nano.a(lib_a-impure.o)
                              c:/st/stm32cubeide_1.4.0/stm32cubeide/plugins/com.st.stm32cube.ide.mcu.externaltools.gnu-tools-for-stm32.7-2018-q2-update.win32_1.4.0.202007081208/tools/bin/../lib/gcc/arm-none-eabi/7.3.1/../../../../arm-none-eabi/lib/thumb/v7-m\libc_nano.a(lib_a-exit.o) (_global_impure_ptr)
c:/st/stm32cubeide_1.4.0/stm32cubeide/plugins/com.st.stm32cube.ide.mcu.externaltools.gnu-tools-for-stm32.7-2018-q2-update.win32_1.4.0.202007081208/tools/bin/../lib/gcc/arm-none-eabi/7.3.1/../../../../arm-none-eabi/lib/thumb/v7-m\libc_nano.a(lib_a-init.o)
                              c:/st/stm32cubeide_1.4.0/stm32cubeide/plugins/com.st.stm32cube.ide.mcu.externaltools.gnu-tools-for-stm32.7-2018-q2-update.win32_1.4.0.202007081208/tools/bin/../lib/gcc/arm-none-eabi/7.3.1/../../../../arm-none-eabi/lib/thumb/v7-m/crt0.o (__libc_init_array)
c:/st/stm32cubeide_1.4.0/stm32cubeide/plugins/com.st.stm32cube.ide.mcu.externaltools.gnu-tools-for-stm32.7-2018-q2-update.win32_1.4.0.202007081208/tools/bin/../lib/gcc/arm-none-eabi/7.3.1/../../../../arm-none-eabi/lib/thumb/v7-m\libc_nano.a(lib_a-memset.o)
                              c:/st/stm32cubeide_1.4.0/stm32cubeide/plugins/com.st.stm32cube.ide.mcu.externaltools.gnu-tools-for-stm32.7-2018-q2-update.win32_1.4.0.202007081208/tools/bin/../lib/gcc/arm-none-eabi/7.3.1/../../../../arm-none-eabi/lib/thumb/v7-m/crt0.o (memset)

Allocating common symbols
Common symbol       size              file

PinCfg              0x4               Inc/lcd.o

Discarded input sections

 .text          0x0000000000000000        0x0 c:/st/stm32cubeide_1.4.0/stm32cubeide/plugins/com.st.stm32cube.ide.mcu.externaltools.gnu-tools-for-stm32.7-2018-q2-update.win32_1.4.0.202007081208/tools/bin/../lib/gcc/arm-none-eabi/7.3.1/thumb/v7-m/crti.o
 .data          0x0000000000000000        0x0 c:/st/stm32cubeide_1.4.0/stm32cubeide/plugins/com.st.stm32cube.ide.mcu.externaltools.gnu-tools-for-stm32.7-2018-q2-update.win32_1.4.0.202007081208/tools/bin/../lib/gcc/arm-none-eabi/7.3.1/thumb/v7-m/crti.o
 .bss           0x0000000000000000        0x0 c:/st/stm32cubeide_1.4.0/stm32cubeide/plugins/com.st.stm32cube.ide.mcu.externaltools.gnu-tools-for-stm32.7-2018-q2-update.win32_1.4.0.202007081208/tools/bin/../lib/gcc/arm-none-eabi/7.3.1/thumb/v7-m/crti.o
 .data          0x0000000000000000        0x4 c:/st/stm32cubeide_1.4.0/stm32cubeide/plugins/com.st.stm32cube.ide.mcu.externaltools.gnu-tools-for-stm32.7-2018-q2-update.win32_1.4.0.202007081208/tools/bin/../lib/gcc/arm-none-eabi/7.3.1/thumb/v7-m/crtbegin.o
 .text          0x0000000000000000       0x74 c:/st/stm32cubeide_1.4.0/stm32cubeide/plugins/com.st.stm32cube.ide.mcu.externaltools.gnu-tools-for-stm32.7-2018-q2-update.win32_1.4.0.202007081208/tools/bin/../lib/gcc/arm-none-eabi/7.3.1/../../../../arm-none-eabi/lib/thumb/v7-m/crt0.o
 .data          0x0000000000000000        0x0 c:/st/stm32cubeide_1.4.0/stm32cubeide/plugins/com.st.stm32cube.ide.mcu.externaltools.gnu-tools-for-stm32.7-2018-q2-update.win32_1.4.0.202007081208/tools/bin/../lib/gcc/arm-none-eabi/7.3.1/../../../../arm-none-eabi/lib/thumb/v7-m/crt0.o
 .bss           0x0000000000000000        0x0 c:/st/stm32cubeide_1.4.0/stm32cubeide/plugins/com.st.stm32cube.ide.mcu.externaltools.gnu-tools-for-stm32.7-2018-q2-update.win32_1.4.0.202007081208/tools/bin/../lib/gcc/arm-none-eabi/7.3.1/../../../../arm-none-eabi/lib/thumb/v7-m/crt0.o
 .ARM.extab     0x0000000000000000        0x0 c:/st/stm32cubeide_1.4.0/stm32cubeide/plugins/com.st.stm32cube.ide.mcu.externaltools.gnu-tools-for-stm32.7-2018-q2-update.win32_1.4.0.202007081208/tools/bin/../lib/gcc/arm-none-eabi/7.3.1/../../../../arm-none-eabi/lib/thumb/v7-m/crt0.o
 .ARM.exidx     0x0000000000000000        0x8 c:/st/stm32cubeide_1.4.0/stm32cubeide/plugins/com.st.stm32cube.ide.mcu.externaltools.gnu-tools-for-stm32.7-2018-q2-update.win32_1.4.0.202007081208/tools/bin/../lib/gcc/arm-none-eabi/7.3.1/../../../../arm-none-eabi/lib/thumb/v7-m/crt0.o
 .ARM.attributes
                0x0000000000000000       0x1b c:/st/stm32cubeide_1.4.0/stm32cubeide/plugins/com.st.stm32cube.ide.mcu.externaltools.gnu-tools-for-stm32.7-2018-q2-update.win32_1.4.0.202007081208/tools/bin/../lib/gcc/arm-none-eabi/7.3.1/../../../../arm-none-eabi/lib/thumb/v7-m/crt0.o
 .group         0x0000000000000000        0xc Inc/Stm32_F103C6_gpio_driver.o
 .group         0x0000000000000000        0xc Inc/Stm32_F103C6_gpio_driver.o
 .group         0x0000000000000000        0xc Inc/Stm32_F103C6_gpio_driver.o
 .group         0x0000000000000000        0xc Inc/Stm32_F103C6_gpio_driver.o
 .group         0x0000000000000000        0xc Inc/Stm32_F103C6_gpio_driver.o
 .group         0x0000000000000000        0xc Inc/Stm32_F103C6_gpio_driver.o
 .group         0x0000000000000000        0xc Inc/Stm32_F103C6_gpio_driver.o
 .group         0x0000000000000000        0xc Inc/Stm32_F103C6_gpio_driver.o
 .group         0x0000000000000000        0xc Inc/Stm32_F103C6_gpio_driver.o
 .group         0x0000000000000000        0xc Inc/Stm32_F103C6_gpio_driver.o
 .group         0x0000000000000000        0xc Inc/Stm32_F103C6_gpio_driver.o
 .group         0x0000000000000000        0xc Inc/Stm32_F103C6_gpio_driver.o
 .group         0x0000000000000000        0xc Inc/Stm32_F103C6_gpio_driver.o
 .group         0x0000000000000000        0xc Inc/Stm32_F103C6_gpio_driver.o
 .group         0x0000000000000000        0xc Inc/Stm32_F103C6_gpio_driver.o
 .group         0x0000000000000000        0xc Inc/Stm32_F103C6_gpio_driver.o
 .group         0x0000000000000000        0xc Inc/Stm32_F103C6_gpio_driver.o
 .group         0x0000000000000000        0xc Inc/Stm32_F103C6_gpio_driver.o
 .group         0x0000000000000000        0xc Inc/Stm32_F103C6_gpio_driver.o
 .group         0x0000000000000000        0xc Inc/Stm32_F103C6_gpio_driver.o
 .group         0x0000000000000000        0xc Inc/Stm32_F103C6_gpio_driver.o
 .group         0x0000000000000000        0xc Inc/Stm32_F103C6_gpio_driver.o
 .group         0x0000000000000000        0xc Inc/Stm32_F103C6_gpio_driver.o
 .group         0x0000000000000000        0xc Inc/Stm32_F103C6_gpio_driver.o
 .text          0x0000000000000000        0x0 Inc/Stm32_F103C6_gpio_driver.o
 .data          0x0000000000000000        0x0 Inc/Stm32_F103C6_gpio_driver.o
 .bss           0x0000000000000000        0x0 Inc/Stm32_F103C6_gpio_driver.o
 .text.MCAL_GPIO_DeInit
                0x0000000000000000       0xd4 Inc/Stm32_F103C6_gpio_driver.o
 .text.MCAL_GPIO_ReadPort
                0x0000000000000000       0x1a Inc/Stm32_F103C6_gpio_driver.o
 .text.MCAL_GPIO_TogglePin
                0x0000000000000000       0x22 Inc/Stm32_F103C6_gpio_driver.o
 .text.MCAL_GPIO_LockPin
                0x0000000000000000       0x4e Inc/Stm32_F103C6_gpio_driver.o
 .group         0x0000000000000000        0xc Inc/keypad.o
 .group         0x0000000000000000        0xc Inc/keypad.o
 .group         0x0000000000000000        0xc Inc/keypad.o
 .group         0x0000000000000000        0xc Inc/keypad.o
 .group         0x0000000000000000        0xc Inc/keypad.o
 .group         0x0000000000000000        0xc Inc/keypad.o
 .group         0x0000000000000000        0xc Inc/keypad.o
 .group         0x0000000000000000        0xc Inc/keypad.o
 .group         0x0000000000000000        0xc Inc/keypad.o
 .group         0x0000000000000000        0xc Inc/keypad.o
 .group         0x0000000000000000        0xc Inc/keypad.o
 .group         0x0000000000000000        0xc Inc/keypad.o
 .group         0x0000000000000000        0xc Inc/keypad.o
 .group         0x0000000000000000        0xc Inc/keypad.o
 .group         0x0000000000000000        0xc Inc/keypad.o
 .group         0x0000000000000000        0xc Inc/keypad.o
 .group         0x0000000000000000        0xc Inc/keypad.o
 .group         0x0000000000000000        0xc Inc/keypad.o
 .group         0x0000000000000000        0xc Inc/keypad.o
 .group         0x0000000000000000        0xc Inc/keypad.o
 .group         0x0000000000000000        0xc Inc/keypad.o
 .group         0x0000000000000000        0xc Inc/keypad.o
 .group         0x0000000000000000        0xc Inc/keypad.o
 .group         0x0000000000000000        0xc Inc/keypad.o
 .group         0x0000000000000000        0xc Inc/keypad.o
 .text          0x0000000000000000        0x0 Inc/keypad.o
 .data          0x0000000000000000        0x0 Inc/keypad.o
 .bss           0x0000000000000000        0x0 Inc/keypad.o
 .text.delay_mss
                0x0000000000000000       0x38 Inc/keypad.o
 .debug_macro   0x0000000000000000      0xa60 Inc/keypad.o
 .debug_macro   0x0000000000000000       0x18 Inc/keypad.o
 .debug_macro   0x0000000000000000       0x22 Inc/keypad.o
 .debug_macro   0x0000000000000000       0x40 Inc/keypad.o
 .debug_macro   0x0000000000000000       0x94 Inc/keypad.o
 .debug_macro   0x0000000000000000       0x3c Inc/keypad.o
 .debug_macro   0x0000000000000000       0x34 Inc/keypad.o
 .debug_macro   0x0000000000000000       0x16 Inc/keypad.o
 .debug_macro   0x0000000000000000      0x10e Inc/keypad.o
 .debug_macro   0x0000000000000000       0x8d Inc/keypad.o
 .debug_macro   0x0000000000000000       0x57 Inc/keypad.o
 .debug_macro   0x0000000000000000       0x52 Inc/keypad.o
 .debug_macro   0x0000000000000000       0x1f Inc/keypad.o
 .debug_macro   0x0000000000000000       0x43 Inc/keypad.o
 .debug_macro   0x0000000000000000       0x20 Inc/keypad.o
 .debug_macro   0x0000000000000000      0x1a3 Inc/keypad.o
 .debug_macro   0x0000000000000000      0x330 Inc/keypad.o
 .debug_macro   0x0000000000000000       0x16 Inc/keypad.o
 .debug_macro   0x0000000000000000       0x29 Inc/keypad.o
 .debug_macro   0x0000000000000000       0xef Inc/keypad.o
 .debug_macro   0x0000000000000000       0x6a Inc/keypad.o
 .debug_macro   0x0000000000000000      0x1df Inc/keypad.o
 .debug_macro   0x0000000000000000       0xb4 Inc/keypad.o
 .group         0x0000000000000000        0xc Inc/lcd.o
 .group         0x0000000000000000        0xc Inc/lcd.o
 .group         0x0000000000000000        0xc Inc/lcd.o
 .group         0x0000000000000000        0xc Inc/lcd.o
 .group         0x0000000000000000        0xc Inc/lcd.o
 .group         0x0000000000000000        0xc Inc/lcd.o
 .group         0x0000000000000000        0xc Inc/lcd.o
 .group         0x0000000000000000        0xc Inc/lcd.o
 .group         0x0000000000000000        0xc Inc/lcd.o
 .group         0x0000000000000000        0xc Inc/lcd.o
 .group         0x0000000000000000        0xc Inc/lcd.o
 .group         0x0000000000000000        0xc Inc/lcd.o
 .group         0x0000000000000000        0xc Inc/lcd.o
 .group         0x0000000000000000        0xc Inc/lcd.o
 .group         0x0000000000000000        0xc Inc/lcd.o
 .group         0x0000000000000000        0xc Inc/lcd.o
 .group         0x0000000000000000        0xc Inc/lcd.o
 .group         0x0000000000000000        0xc Inc/lcd.o
 .group         0x0000000000000000        0xc Inc/lcd.o
 .group         0x0000000000000000        0xc Inc/lcd.o
 .group         0x0000000000000000        0xc Inc/lcd.o
 .group         0x0000000000000000        0xc Inc/lcd.o
 .group         0x0000000000000000        0xc Inc/lcd.o
 .group         0x0000000000000000        0xc Inc/lcd.o
 .group         0x0000000000000000        0xc Inc/lcd.o
 .group         0x0000000000000000        0xc Inc/lcd.o
 .text          0x0000000000000000        0x0 Inc/lcd.o
 .data          0x0000000000000000        0x0 Inc/lcd.o
 .bss           0x0000000000000000        0x0 Inc/lcd.o
 .text.LCD_check_lcd_isbusy
                0x0000000000000000       0xd8 Inc/lcd.o
 .debug_macro   0x0000000000000000      0xa60 Inc/lcd.o
 .debug_macro   0x0000000000000000       0x18 Inc/lcd.o
 .debug_macro   0x0000000000000000       0x22 Inc/lcd.o
 .debug_macro   0x0000000000000000       0x40 Inc/lcd.o
 .debug_macro   0x0000000000000000       0x94 Inc/lcd.o
 .debug_macro   0x0000000000000000       0x3c Inc/lcd.o
 .debug_macro   0x0000000000000000       0x34 Inc/lcd.o
 .debug_macro   0x0000000000000000       0x16 Inc/lcd.o
 .debug_macro   0x0000000000000000      0x10e Inc/lcd.o
 .debug_macro   0x0000000000000000       0x8d Inc/lcd.o
 .debug_macro   0x0000000000000000       0x57 Inc/lcd.o
 .debug_macro   0x0000000000000000       0x52 Inc/lcd.o
 .debug_macro   0x0000000000000000       0x1f Inc/lcd.o
 .debug_macro   0x0000000000000000       0x43 Inc/lcd.o
 .debug_macro   0x0000000000000000       0x20 Inc/lcd.o
 .debug_macro   0x0000000000000000      0x1a3 Inc/lcd.o
 .debug_macro   0x0000000000000000      0x330 Inc/lcd.o
 .debug_macro   0x0000000000000000       0x16 Inc/lcd.o
 .debug_macro   0x0000000000000000       0x29 Inc/lcd.o
 .debug_macro   0x0000000000000000       0xef Inc/lcd.o
 .debug_macro   0x0000000000000000       0x6a Inc/lcd.o
 .debug_macro   0x0000000000000000      0x1df Inc/lcd.o
 .debug_macro   0x0000000000000000       0xb4 Inc/lcd.o
 .debug_macro   0x0000000000000000       0xd6 Inc/lcd.o
 .group         0x0000000000000000        0xc Src/main.o
 .group         0x0000000000000000        0xc Src/main.o
 .group         0x0000000000000000        0xc Src/main.o
 .group         0x0000000000000000        0xc Src/main.o
 .group         0x0000000000000000        0xc Src/main.o
 .group         0x0000000000000000        0xc Src/main.o
 .group         0x0000000000000000        0xc Src/main.o
 .group         0x0000000000000000        0xc Src/main.o
 .group         0x0000000000000000        0xc Src/main.o
 .group         0x0000000000000000        0xc Src/main.o
 .group         0x0000000000000000        0xc Src/main.o
 .group         0x0000000000000000        0xc Src/main.o
 .group         0x0000000000000000        0xc Src/main.o
 .group         0x0000000000000000        0xc Src/main.o
 .group         0x0000000000000000        0xc Src/main.o
 .group         0x0000000000000000        0xc Src/main.o
 .group         0x0000000000000000        0xc Src/main.o
 .group         0x0000000000000000        0xc Src/main.o
 .group         0x0000000000000000        0xc Src/main.o
 .group         0x0000000000000000        0xc Src/main.o
 .group         0x0000000000000000        0xc Src/main.o
 .group         0x0000000000000000        0xc Src/main.o
 .group         0x0000000000000000        0xc Src/main.o
 .group         0x0000000000000000        0xc Src/main.o
 .group         0x0000000000000000        0xc Src/main.o
 .group         0x0000000000000000        0xc Src/main.o
 .group         0x0000000000000000        0xc Src/main.o
 .text          0x0000000000000000        0x0 Src/main.o
 .data          0x0000000000000000        0x0 Src/main.o
 .bss           0x0000000000000000        0x0 Src/main.o
 .debug_macro   0x0000000000000000      0xa60 Src/main.o
 .debug_macro   0x0000000000000000       0x18 Src/main.o
 .debug_macro   0x0000000000000000       0x22 Src/main.o
 .debug_macro   0x0000000000000000       0x40 Src/main.o
 .debug_macro   0x0000000000000000       0x94 Src/main.o
 .debug_macro   0x0000000000000000       0x3c Src/main.o
 .debug_macro   0x0000000000000000       0x34 Src/main.o
 .debug_macro   0x0000000000000000       0x16 Src/main.o
 .debug_macro   0x0000000000000000      0x10e Src/main.o
 .debug_macro   0x0000000000000000       0x8d Src/main.o
 .debug_macro   0x0000000000000000       0x57 Src/main.o
 .debug_macro   0x0000000000000000       0x52 Src/main.o
 .debug_macro   0x0000000000000000       0x1f Src/main.o
 .debug_macro   0x0000000000000000       0x43 Src/main.o
 .debug_macro   0x0000000000000000       0x20 Src/main.o
 .debug_macro   0x0000000000000000      0x1a3 Src/main.o
 .debug_macro   0x0000000000000000      0x330 Src/main.o
 .debug_macro   0x0000000000000000       0x16 Src/main.o
 .debug_macro   0x0000000000000000       0x29 Src/main.o
 .debug_macro   0x0000000000000000       0xef Src/main.o
 .debug_macro   0x0000000000000000       0x6a Src/main.o
 .debug_macro   0x0000000000000000      0x1df Src/main.o
 .debug_macro   0x0000000000000000       0xb4 Src/main.o
 .debug_macro   0x0000000000000000       0xd0 Src/main.o
 .debug_macro   0x0000000000000000       0x10 Src/main.o
 .debug_macro   0x0000000000000000       0x94 Src/main.o
 .group         0x0000000000000000        0xc Src/syscalls.o
 .group         0x0000000000000000        0xc Src/syscalls.o
 .group         0x0000000000000000        0xc Src/syscalls.o
 .group         0x0000000000000000        0xc Src/syscalls.o
 .group         0x0000000000000000        0xc Src/syscalls.o
 .group         0x0000000000000000        0xc Src/syscalls.o
 .group         0x0000000000000000        0xc Src/syscalls.o
 .group         0x0000000000000000        0xc Src/syscalls.o
 .group         0x0000000000000000        0xc Src/syscalls.o
 .group         0x0000000000000000        0xc Src/syscalls.o
 .group         0x0000000000000000        0xc Src/syscalls.o
 .group         0x0000000000000000        0xc Src/syscalls.o
 .group         0x0000000000000000        0xc Src/syscalls.o
 .group         0x0000000000000000        0xc Src/syscalls.o
 .group         0x0000000000000000        0xc Src/syscalls.o
 .group         0x0000000000000000        0xc Src/syscalls.o
 .group         0x0000000000000000        0xc Src/syscalls.o
 .group         0x0000000000000000        0xc Src/syscalls.o
 .group         0x0000000000000000        0xc Src/syscalls.o
 .group         0x0000000000000000        0xc Src/syscalls.o
 .group         0x0000000000000000        0xc Src/syscalls.o
 .group         0x0000000000000000        0xc Src/syscalls.o
 .group         0x0000000000000000        0xc Src/syscalls.o
 .group         0x0000000000000000        0xc Src/syscalls.o
 .group         0x0000000000000000        0xc Src/syscalls.o
 .group         0x0000000000000000        0xc Src/syscalls.o
 .group         0x0000000000000000        0xc Src/syscalls.o
 .group         0x0000000000000000        0xc Src/syscalls.o
 .group         0x0000000000000000        0xc Src/syscalls.o
 .group         0x0000000000000000        0xc Src/syscalls.o
 .group         0x0000000000000000        0xc Src/syscalls.o
 .group         0x0000000000000000        0xc Src/syscalls.o
 .group         0x0000000000000000        0xc Src/syscalls.o
 .group         0x0000000000000000        0xc Src/syscalls.o
 .group         0x0000000000000000        0xc Src/syscalls.o
 .group         0x0000000000000000        0xc Src/syscalls.o
 .group         0x0000000000000000        0xc Src/syscalls.o
 .group         0x0000000000000000        0xc Src/syscalls.o
 .group         0x0000000000000000        0xc Src/syscalls.o
 .group         0x0000000000000000        0xc Src/syscalls.o
 .group         0x0000000000000000        0xc Src/syscalls.o
 .group         0x0000000000000000        0xc Src/syscalls.o
 .group         0x0000000000000000        0xc Src/syscalls.o
 .group         0x0000000000000000        0xc Src/syscalls.o
 .text          0x0000000000000000        0x0 Src/syscalls.o
 .data          0x0000000000000000        0x0 Src/syscalls.o
 .bss           0x0000000000000000        0x0 Src/syscalls.o
 .bss.__env     0x0000000000000000        0x4 Src/syscalls.o
 .data.environ  0x0000000000000000        0x4 Src/syscalls.o
 .text.initialise_monitor_handles
                0x0000000000000000        0xc Src/syscalls.o
 .text._getpid  0x0000000000000000        0xe Src/syscalls.o
 .text._kill    0x0000000000000000       0x20 Src/syscalls.o
 .text._exit    0x0000000000000000       0x14 Src/syscalls.o
 .text._read    0x0000000000000000       0x3a Src/syscalls.o
 .text._write   0x0000000000000000       0x38 Src/syscalls.o
 .text._close   0x0000000000000000       0x16 Src/syscalls.o
 .text._fstat   0x0000000000000000       0x1e Src/syscalls.o
 .text._isatty  0x0000000000000000       0x14 Src/syscalls.o
 .text._lseek   0x0000000000000000       0x18 Src/syscalls.o
 .text._open    0x0000000000000000       0x1a Src/syscalls.o
 .text._wait    0x0000000000000000       0x1e Src/syscalls.o
 .text._unlink  0x0000000000000000       0x1e Src/syscalls.o
 .text._times   0x0000000000000000       0x16 Src/syscalls.o
 .text._stat    0x0000000000000000       0x1e Src/syscalls.o
 .text._link    0x0000000000000000       0x20 Src/syscalls.o
 .text._fork    0x0000000000000000       0x16 Src/syscalls.o
 .text._execve  0x0000000000000000       0x22 Src/syscalls.o
 .debug_info    0x0000000000000000      0xebd Src/syscalls.o
 .debug_abbrev  0x0000000000000000      0x261 Src/syscalls.o
 .debug_aranges
                0x0000000000000000       0xa8 Src/syscalls.o
 .debug_ranges  0x0000000000000000       0x98 Src/syscalls.o
 .debug_macro   0x0000000000000000      0x243 Src/syscalls.o
 .debug_macro   0x0000000000000000      0xa60 Src/syscalls.o
 .debug_macro   0x0000000000000000       0x22 Src/syscalls.o
 .debug_macro   0x0000000000000000       0x40 Src/syscalls.o
 .debug_macro   0x0000000000000000       0x18 Src/syscalls.o
 .debug_macro   0x0000000000000000       0x94 Src/syscalls.o
 .debug_macro   0x0000000000000000       0x3c Src/syscalls.o
 .debug_macro   0x0000000000000000       0x34 Src/syscalls.o
 .debug_macro   0x0000000000000000       0x57 Src/syscalls.o
 .debug_macro   0x0000000000000000      0x174 Src/syscalls.o
 .debug_macro   0x0000000000000000      0x330 Src/syscalls.o
 .debug_macro   0x0000000000000000       0x52 Src/syscalls.o
 .debug_macro   0x0000000000000000       0x1f Src/syscalls.o
 .debug_macro   0x0000000000000000       0x43 Src/syscalls.o
 .debug_macro   0x0000000000000000       0x20 Src/syscalls.o
 .debug_macro   0x0000000000000000      0x1a3 Src/syscalls.o
 .debug_macro   0x0000000000000000       0x10 Src/syscalls.o
 .debug_macro   0x0000000000000000       0x35 Src/syscalls.o
 .debug_macro   0x0000000000000000       0x10 Src/syscalls.o
 .debug_macro   0x0000000000000000       0x10 Src/syscalls.o
 .debug_macro   0x0000000000000000       0x10 Src/syscalls.o
 .debug_macro   0x0000000000000000       0x6a Src/syscalls.o
 .debug_macro   0x0000000000000000       0x1c Src/syscalls.o
 .debug_macro   0x0000000000000000       0x52 Src/syscalls.o
 .debug_macro   0x0000000000000000       0x40 Src/syscalls.o
 .debug_macro   0x0000000000000000       0x10 Src/syscalls.o
 .debug_macro   0x0000000000000000       0x40 Src/syscalls.o
 .debug_macro   0x0000000000000000       0xd7 Src/syscalls.o
 .debug_macro   0x0000000000000000       0x1c Src/syscalls.o
 .debug_macro   0x0000000000000000       0x3d Src/syscalls.o
 .debug_macro   0x0000000000000000       0x35 Src/syscalls.o
 .debug_macro   0x0000000000000000      0x122 Src/syscalls.o
 .debug_macro   0x0000000000000000       0x16 Src/syscalls.o
 .debug_macro   0x0000000000000000       0x16 Src/syscalls.o
 .debug_macro   0x0000000000000000       0x29 Src/syscalls.o
 .debug_macro   0x0000000000000000       0x10 Src/syscalls.o
 .debug_macro   0x0000000000000000      0x241 Src/syscalls.o
 .debug_macro   0x0000000000000000       0x1c Src/syscalls.o
 .debug_macro   0x0000000000000000       0x10 Src/syscalls.o
 .debug_macro   0x0000000000000000       0x10 Src/syscalls.o
 .debug_macro   0x0000000000000000       0x16 Src/syscalls.o
 .debug_macro   0x0000000000000000      0x145 Src/syscalls.o
 .debug_macro   0x0000000000000000      0x189 Src/syscalls.o
 .debug_macro   0x0000000000000000       0x16 Src/syscalls.o
 .debug_macro   0x0000000000000000       0x88 Src/syscalls.o
 .debug_line    0x0000000000000000      0x739 Src/syscalls.o
 .debug_str     0x0000000000000000     0x8868 Src/syscalls.o
 .comment       0x0000000000000000       0x7c Src/syscalls.o
 .debug_frame   0x0000000000000000      0x2ac Src/syscalls.o
 .ARM.attributes
                0x0000000000000000       0x33 Src/syscalls.o
 .group         0x0000000000000000        0xc Src/sysmem.o
 .group         0x0000000000000000        0xc Src/sysmem.o
 .group         0x0000000000000000        0xc Src/sysmem.o
 .group         0x0000000000000000        0xc Src/sysmem.o
 .group         0x0000000000000000        0xc Src/sysmem.o
 .group         0x0000000000000000        0xc Src/sysmem.o
 .group         0x0000000000000000        0xc Src/sysmem.o
 .group         0x0000000000000000        0xc Src/sysmem.o
 .group         0x0000000000000000        0xc Src/sysmem.o
 .group         0x0000000000000000        0xc Src/sysmem.o
 .group         0x0000000000000000        0xc Src/sysmem.o
 .group         0x0000000000000000        0xc Src/sysmem.o
 .group         0x0000000000000000        0xc Src/sysmem.o
 .group         0x0000000000000000        0xc Src/sysmem.o
 .group         0x0000000000000000        0xc Src/sysmem.o
 .group         0x0000000000000000        0xc Src/sysmem.o
 .group         0x0000000000000000        0xc Src/sysmem.o
 .group         0x0000000000000000        0xc Src/sysmem.o
 .group         0x0000000000000000        0xc Src/sysmem.o
 .text          0x0000000000000000        0x0 Src/sysmem.o
 .data          0x0000000000000000        0x0 Src/sysmem.o
 .bss           0x0000000000000000        0x0 Src/sysmem.o
 .bss.__sbrk_heap_end
                0x0000000000000000        0x4 Src/sysmem.o
 .text._sbrk    0x0000000000000000       0x6c Src/sysmem.o
 .debug_info    0x0000000000000000      0x985 Src/sysmem.o
 .debug_abbrev  0x0000000000000000      0x19b Src/sysmem.o
 .debug_aranges
                0x0000000000000000       0x20 Src/sysmem.o
 .debug_ranges  0x0000000000000000       0x10 Src/sysmem.o
 .debug_macro   0x0000000000000000       0xee Src/sysmem.o
 .debug_macro   0x0000000000000000      0xa60 Src/sysmem.o
 .debug_macro   0x0000000000000000       0x10 Src/sysmem.o
 .debug_macro   0x0000000000000000       0x22 Src/sysmem.o
 .debug_macro   0x0000000000000000       0x40 Src/sysmem.o
 .debug_macro   0x0000000000000000       0x18 Src/sysmem.o
 .debug_macro   0x0000000000000000       0x94 Src/sysmem.o
 .debug_macro   0x0000000000000000       0x3c Src/sysmem.o
 .debug_macro   0x0000000000000000       0x34 Src/sysmem.o
 .debug_macro   0x0000000000000000      0x174 Src/sysmem.o
 .debug_macro   0x0000000000000000       0x57 Src/sysmem.o
 .debug_macro   0x0000000000000000       0x52 Src/sysmem.o
 .debug_macro   0x0000000000000000       0x1f Src/sysmem.o
 .debug_macro   0x0000000000000000       0x43 Src/sysmem.o
 .debug_macro   0x0000000000000000       0x20 Src/sysmem.o
 .debug_macro   0x0000000000000000      0x1a3 Src/sysmem.o
 .debug_macro   0x0000000000000000      0x23b Src/sysmem.o
 .debug_macro   0x0000000000000000       0xef Src/sysmem.o
 .debug_macro   0x0000000000000000       0x6a Src/sysmem.o
 .debug_macro   0x0000000000000000      0x1df Src/sysmem.o
 .debug_line    0x0000000000000000      0x4c2 Src/sysmem.o
 .debug_str     0x0000000000000000     0x5f36 Src/sysmem.o
 .comment       0x0000000000000000       0x7c Src/sysmem.o
 .debug_frame   0x0000000000000000       0x34 Src/sysmem.o
 .ARM.attributes
                0x0000000000000000       0x33 Src/sysmem.o
 .text          0x0000000000000000       0x14 Startup/startup_stm32f103c6tx.o
 .data          0x0000000000000000        0x0 Startup/startup_stm32f103c6tx.o
 .bss           0x0000000000000000        0x0 Startup/startup_stm32f103c6tx.o
 .group         0x0000000000000000        0xc Stm32_F103C6_Drivers/keypad.o
 .group         0x0000000000000000        0xc Stm32_F103C6_Drivers/keypad.o
 .group         0x0000000000000000        0xc Stm32_F103C6_Drivers/keypad.o
 .group         0x0000000000000000        0xc Stm32_F103C6_Drivers/keypad.o
 .group         0x0000000000000000        0xc Stm32_F103C6_Drivers/keypad.o
 .group         0x0000000000000000        0xc Stm32_F103C6_Drivers/keypad.o
 .group         0x0000000000000000        0xc Stm32_F103C6_Drivers/keypad.o
 .group         0x0000000000000000        0xc Stm32_F103C6_Drivers/keypad.o
 .group         0x0000000000000000        0xc Stm32_F103C6_Drivers/keypad.o
 .group         0x0000000000000000        0xc Stm32_F103C6_Drivers/keypad.o
 .group         0x0000000000000000        0xc Stm32_F103C6_Drivers/keypad.o
 .group         0x0000000000000000        0xc Stm32_F103C6_Drivers/keypad.o
 .group         0x0000000000000000        0xc Stm32_F103C6_Drivers/keypad.o
 .group         0x0000000000000000        0xc Stm32_F103C6_Drivers/keypad.o
 .group         0x0000000000000000        0xc Stm32_F103C6_Drivers/keypad.o
 .group         0x0000000000000000        0xc Stm32_F103C6_Drivers/keypad.o
 .group         0x0000000000000000        0xc Stm32_F103C6_Drivers/keypad.o
 .group         0x0000000000000000        0xc Stm32_F103C6_Drivers/keypad.o
 .group         0x0000000000000000        0xc Stm32_F103C6_Drivers/keypad.o
 .group         0x0000000000000000        0xc Stm32_F103C6_Drivers/keypad.o
 .group         0x0000000000000000        0xc Stm32_F103C6_Drivers/keypad.o
 .group         0x0000000000000000        0xc Stm32_F103C6_Drivers/keypad.o
 .group         0x0000000000000000        0xc Stm32_F103C6_Drivers/keypad.o
 .group         0x0000000000000000        0xc Stm32_F103C6_Drivers/keypad.o
 .group         0x0000000000000000        0xc Stm32_F103C6_Drivers/keypad.o
 .text          0x0000000000000000        0x0 Stm32_F103C6_Drivers/keypad.o
 .data          0x0000000000000000        0x0 Stm32_F103C6_Drivers/keypad.o
 .bss           0x0000000000000000        0x0 Stm32_F103C6_Drivers/keypad.o
 .data.Key_padRow
                0x0000000000000000       0x10 Stm32_F103C6_Drivers/keypad.o
 .data.Key_padCol
                0x0000000000000000       0x10 Stm32_F103C6_Drivers/keypad.o
 .text.delay_mss
                0x0000000000000000       0x38 Stm32_F103C6_Drivers/keypad.o
 .text.Keypad_init
                0x0000000000000000       0xcc Stm32_F103C6_Drivers/keypad.o
 .text.Keypad_getkey
                0x0000000000000000      0x194 Stm32_F103C6_Drivers/keypad.o
 .debug_info    0x0000000000000000      0xa3b Stm32_F103C6_Drivers/keypad.o
 .debug_abbrev  0x0000000000000000      0x1eb Stm32_F103C6_Drivers/keypad.o
 .debug_aranges
                0x0000000000000000       0x30 Stm32_F103C6_Drivers/keypad.o
 .debug_ranges  0x0000000000000000       0x20 Stm32_F103C6_Drivers/keypad.o
 .debug_macro   0x0000000000000000      0x152 Stm32_F103C6_Drivers/keypad.o
 .debug_macro   0x0000000000000000      0xa60 Stm32_F103C6_Drivers/keypad.o
 .debug_macro   0x0000000000000000       0x18 Stm32_F103C6_Drivers/keypad.o
 .debug_macro   0x0000000000000000       0x22 Stm32_F103C6_Drivers/keypad.o
 .debug_macro   0x0000000000000000       0x40 Stm32_F103C6_Drivers/keypad.o
 .debug_macro   0x0000000000000000       0x94 Stm32_F103C6_Drivers/keypad.o
 .debug_macro   0x0000000000000000       0x3c Stm32_F103C6_Drivers/keypad.o
 .debug_macro   0x0000000000000000       0x34 Stm32_F103C6_Drivers/keypad.o
 .debug_macro   0x0000000000000000       0x16 Stm32_F103C6_Drivers/keypad.o
 .debug_macro   0x0000000000000000      0x10e Stm32_F103C6_Drivers/keypad.o
 .debug_macro   0x0000000000000000       0x8d Stm32_F103C6_Drivers/keypad.o
 .debug_macro   0x0000000000000000       0x57 Stm32_F103C6_Drivers/keypad.o
 .debug_macro   0x0000000000000000       0x52 Stm32_F103C6_Drivers/keypad.o
 .debug_macro   0x0000000000000000       0x1f Stm32_F103C6_Drivers/keypad.o
 .debug_macro   0x0000000000000000       0x43 Stm32_F103C6_Drivers/keypad.o
 .debug_macro   0x0000000000000000       0x20 Stm32_F103C6_Drivers/keypad.o
 .debug_macro   0x0000000000000000      0x1a3 Stm32_F103C6_Drivers/keypad.o
 .debug_macro   0x0000000000000000      0x330 Stm32_F103C6_Drivers/keypad.o
 .debug_macro   0x0000000000000000       0x16 Stm32_F103C6_Drivers/keypad.o
 .debug_macro   0x0000000000000000       0x29 Stm32_F103C6_Drivers/keypad.o
 .debug_macro   0x0000000000000000       0xef Stm32_F103C6_Drivers/keypad.o
 .debug_macro   0x0000000000000000       0x6a Stm32_F103C6_Drivers/keypad.o
 .debug_macro   0x0000000000000000      0x1df Stm32_F103C6_Drivers/keypad.o
 .debug_macro   0x0000000000000000       0xb4 Stm32_F103C6_Drivers/keypad.o
 .debug_macro   0x0000000000000000       0xd0 Stm32_F103C6_Drivers/keypad.o
 .debug_macro   0x0000000000000000       0x3a Stm32_F103C6_Drivers/keypad.o
 .debug_line    0x0000000000000000      0x5dc Stm32_F103C6_Drivers/keypad.o
 .debug_str     0x0000000000000000     0x7805 Stm32_F103C6_Drivers/keypad.o
 .comment       0x0000000000000000       0x7c Stm32_F103C6_Drivers/keypad.o
 .debug_frame   0x0000000000000000       0x80 Stm32_F103C6_Drivers/keypad.o
 .ARM.attributes
                0x0000000000000000       0x33 Stm32_F103C6_Drivers/keypad.o
 .text          0x0000000000000000        0x0 c:/st/stm32cubeide_1.4.0/stm32cubeide/plugins/com.st.stm32cube.ide.mcu.externaltools.gnu-tools-for-stm32.7-2018-q2-update.win32_1.4.0.202007081208/tools/bin/../lib/gcc/arm-none-eabi/7.3.1/../../../../arm-none-eabi/lib/thumb/v7-m\libc_nano.a(lib_a-errno.o)
 .data          0x0000000000000000        0x0 c:/st/stm32cubeide_1.4.0/stm32cubeide/plugins/com.st.stm32cube.ide.mcu.externaltools.gnu-tools-for-stm32.7-2018-q2-update.win32_1.4.0.202007081208/tools/bin/../lib/gcc/arm-none-eabi/7.3.1/../../../../arm-none-eabi/lib/thumb/v7-m\libc_nano.a(lib_a-errno.o)
 .bss           0x0000000000000000        0x0 c:/st/stm32cubeide_1.4.0/stm32cubeide/plugins/com.st.stm32cube.ide.mcu.externaltools.gnu-tools-for-stm32.7-2018-q2-update.win32_1.4.0.202007081208/tools/bin/../lib/gcc/arm-none-eabi/7.3.1/../../../../arm-none-eabi/lib/thumb/v7-m\libc_nano.a(lib_a-errno.o)
 .text.__errno  0x0000000000000000        0xc c:/st/stm32cubeide_1.4.0/stm32cubeide/plugins/com.st.stm32cube.ide.mcu.externaltools.gnu-tools-for-stm32.7-2018-q2-update.win32_1.4.0.202007081208/tools/bin/../lib/gcc/arm-none-eabi/7.3.1/../../../../arm-none-eabi/lib/thumb/v7-m\libc_nano.a(lib_a-errno.o)
 .debug_frame   0x0000000000000000       0x20 c:/st/stm32cubeide_1.4.0/stm32cubeide/plugins/com.st.stm32cube.ide.mcu.externaltools.gnu-tools-for-stm32.7-2018-q2-update.win32_1.4.0.202007081208/tools/bin/../lib/gcc/arm-none-eabi/7.3.1/../../../../arm-none-eabi/lib/thumb/v7-m\libc_nano.a(lib_a-errno.o)
 .ARM.attributes
                0x0000000000000000       0x2d c:/st/stm32cubeide_1.4.0/stm32cubeide/plugins/com.st.stm32cube.ide.mcu.externaltools.gnu-tools-for-stm32.7-2018-q2-update.win32_1.4.0.202007081208/tools/bin/../lib/gcc/arm-none-eabi/7.3.1/../../../../arm-none-eabi/lib/thumb/v7-m\libc_nano.a(lib_a-errno.o)
 .text          0x0000000000000000        0x0 c:/st/stm32cubeide_1.4.0/stm32cubeide/plugins/com.st.stm32cube.ide.mcu.externaltools.gnu-tools-for-stm32.7-2018-q2-update.win32_1.4.0.202007081208/tools/bin/../lib/gcc/arm-none-eabi/7.3.1/../../../../arm-none-eabi/lib/thumb/v7-m\libc_nano.a(lib_a-exit.o)
 .data          0x0000000000000000        0x0 c:/st/stm32cubeide_1.4.0/stm32cubeide/plugins/com.st.stm32cube.ide.mcu.externaltools.gnu-tools-for-stm32.7-2018-q2-update.win32_1.4.0.202007081208/tools/bin/../lib/gcc/arm-none-eabi/7.3.1/../../../../arm-none-eabi/lib/thumb/v7-m\libc_nano.a(lib_a-exit.o)
 .bss           0x0000000000000000        0x0 c:/st/stm32cubeide_1.4.0/stm32cubeide/plugins/com.st.stm32cube.ide.mcu.externaltools.gnu-tools-for-stm32.7-2018-q2-update.win32_1.4.0.202007081208/tools/bin/../lib/gcc/arm-none-eabi/7.3.1/../../../../arm-none-eabi/lib/thumb/v7-m\libc_nano.a(lib_a-exit.o)
 .text.exit     0x0000000000000000       0x28 c:/st/stm32cubeide_1.4.0/stm32cubeide/plugins/com.st.stm32cube.ide.mcu.externaltools.gnu-tools-for-stm32.7-2018-q2-update.win32_1.4.0.202007081208/tools/bin/../lib/gcc/arm-none-eabi/7.3.1/../../../../arm-none-eabi/lib/thumb/v7-m\libc_nano.a(lib_a-exit.o)
 .debug_frame   0x0000000000000000       0x28 c:/st/stm32cubeide_1.4.0/stm32cubeide/plugins/com.st.stm32cube.ide.mcu.externaltools.gnu-tools-for-stm32.7-2018-q2-update.win32_1.4.0.202007081208/tools/bin/../lib/gcc/arm-none-eabi/7.3.1/../../../../arm-none-eabi/lib/thumb/v7-m\libc_nano.a(lib_a-exit.o)
 .ARM.attributes
                0x0000000000000000       0x2d c:/st/stm32cubeide_1.4.0/stm32cubeide/plugins/com.st.stm32cube.ide.mcu.externaltools.gnu-tools-for-stm32.7-2018-q2-update.win32_1.4.0.202007081208/tools/bin/../lib/gcc/arm-none-eabi/7.3.1/../../../../arm-none-eabi/lib/thumb/v7-m\libc_nano.a(lib_a-exit.o)
 .text          0x0000000000000000        0x0 c:/st/stm32cubeide_1.4.0/stm32cubeide/plugins/com.st.stm32cube.ide.mcu.externaltools.gnu-tools-for-stm32.7-2018-q2-update.win32_1.4.0.202007081208/tools/bin/../lib/gcc/arm-none-eabi/7.3.1/../../../../arm-none-eabi/lib/thumb/v7-m\libc_nano.a(lib_a-impure.o)
 .data          0x0000000000000000        0x0 c:/st/stm32cubeide_1.4.0/stm32cubeide/plugins/com.st.stm32cube.ide.mcu.externaltools.gnu-tools-for-stm32.7-2018-q2-update.win32_1.4.0.202007081208/tools/bin/../lib/gcc/arm-none-eabi/7.3.1/../../../../arm-none-eabi/lib/thumb/v7-m\libc_nano.a(lib_a-impure.o)
 .bss           0x0000000000000000        0x0 c:/st/stm32cubeide_1.4.0/stm32cubeide/plugins/com.st.stm32cube.ide.mcu.externaltools.gnu-tools-for-stm32.7-2018-q2-update.win32_1.4.0.202007081208/tools/bin/../lib/gcc/arm-none-eabi/7.3.1/../../../../arm-none-eabi/lib/thumb/v7-m\libc_nano.a(lib_a-impure.o)
 .data._impure_ptr
                0x0000000000000000        0x4 c:/st/stm32cubeide_1.4.0/stm32cubeide/plugins/com.st.stm32cube.ide.mcu.externaltools.gnu-tools-for-stm32.7-2018-q2-update.win32_1.4.0.202007081208/tools/bin/../lib/gcc/arm-none-eabi/7.3.1/../../../../arm-none-eabi/lib/thumb/v7-m\libc_nano.a(lib_a-impure.o)
 .data.impure_data
                0x0000000000000000       0x60 c:/st/stm32cubeide_1.4.0/stm32cubeide/plugins/com.st.stm32cube.ide.mcu.externaltools.gnu-tools-for-stm32.7-2018-q2-update.win32_1.4.0.202007081208/tools/bin/../lib/gcc/arm-none-eabi/7.3.1/../../../../arm-none-eabi/lib/thumb/v7-m\libc_nano.a(lib_a-impure.o)
 .rodata._global_impure_ptr
                0x0000000000000000        0x4 c:/st/stm32cubeide_1.4.0/stm32cubeide/plugins/com.st.stm32cube.ide.mcu.externaltools.gnu-tools-for-stm32.7-2018-q2-update.win32_1.4.0.202007081208/tools/bin/../lib/gcc/arm-none-eabi/7.3.1/../../../../arm-none-eabi/lib/thumb/v7-m\libc_nano.a(lib_a-impure.o)
 .ARM.attributes
                0x0000000000000000       0x2d c:/st/stm32cubeide_1.4.0/stm32cubeide/plugins/com.st.stm32cube.ide.mcu.externaltools.gnu-tools-for-stm32.7-2018-q2-update.win32_1.4.0.202007081208/tools/bin/../lib/gcc/arm-none-eabi/7.3.1/../../../../arm-none-eabi/lib/thumb/v7-m\libc_nano.a(lib_a-impure.o)
 .text          0x0000000000000000        0x0 c:/st/stm32cubeide_1.4.0/stm32cubeide/plugins/com.st.stm32cube.ide.mcu.externaltools.gnu-tools-for-stm32.7-2018-q2-update.win32_1.4.0.202007081208/tools/bin/../lib/gcc/arm-none-eabi/7.3.1/../../../../arm-none-eabi/lib/thumb/v7-m\libc_nano.a(lib_a-init.o)
 .data          0x0000000000000000        0x0 c:/st/stm32cubeide_1.4.0/stm32cubeide/plugins/com.st.stm32cube.ide.mcu.externaltools.gnu-tools-for-stm32.7-2018-q2-update.win32_1.4.0.202007081208/tools/bin/../lib/gcc/arm-none-eabi/7.3.1/../../../../arm-none-eabi/lib/thumb/v7-m\libc_nano.a(lib_a-init.o)
 .bss           0x0000000000000000        0x0 c:/st/stm32cubeide_1.4.0/stm32cubeide/plugins/com.st.stm32cube.ide.mcu.externaltools.gnu-tools-for-stm32.7-2018-q2-update.win32_1.4.0.202007081208/tools/bin/../lib/gcc/arm-none-eabi/7.3.1/../../../../arm-none-eabi/lib/thumb/v7-m\libc_nano.a(lib_a-init.o)
 .text          0x0000000000000000        0x0 c:/st/stm32cubeide_1.4.0/stm32cubeide/plugins/com.st.stm32cube.ide.mcu.externaltools.gnu-tools-for-stm32.7-2018-q2-update.win32_1.4.0.202007081208/tools/bin/../lib/gcc/arm-none-eabi/7.3.1/../../../../arm-none-eabi/lib/thumb/v7-m\libc_nano.a(lib_a-memset.o)
 .data          0x0000000000000000        0x0 c:/st/stm32cubeide_1.4.0/stm32cubeide/plugins/com.st.stm32cube.ide.mcu.externaltools.gnu-tools-for-stm32.7-2018-q2-update.win32_1.4.0.202007081208/tools/bin/../lib/gcc/arm-none-eabi/7.3.1/../../../../arm-none-eabi/lib/thumb/v7-m\libc_nano.a(lib_a-memset.o)
 .bss           0x0000000000000000        0x0 c:/st/stm32cubeide_1.4.0/stm32cubeide/plugins/com.st.stm32cube.ide.mcu.externaltools.gnu-tools-for-stm32.7-2018-q2-update.win32_1.4.0.202007081208/tools/bin/../lib/gcc/arm-none-eabi/7.3.1/../../../../arm-none-eabi/lib/thumb/v7-m\libc_nano.a(lib_a-memset.o)
 .text.memset   0x0000000000000000       0x10 c:/st/stm32cubeide_1.4.0/stm32cubeide/plugins/com.st.stm32cube.ide.mcu.externaltools.gnu-tools-for-stm32.7-2018-q2-update.win32_1.4.0.202007081208/tools/bin/../lib/gcc/arm-none-eabi/7.3.1/../../../../arm-none-eabi/lib/thumb/v7-m\libc_nano.a(lib_a-memset.o)
 .debug_frame   0x0000000000000000       0x20 c:/st/stm32cubeide_1.4.0/stm32cubeide/plugins/com.st.stm32cube.ide.mcu.externaltools.gnu-tools-for-stm32.7-2018-q2-update.win32_1.4.0.202007081208/tools/bin/../lib/gcc/arm-none-eabi/7.3.1/../../../../arm-none-eabi/lib/thumb/v7-m\libc_nano.a(lib_a-memset.o)
 .ARM.attributes
                0x0000000000000000       0x2d c:/st/stm32cubeide_1.4.0/stm32cubeide/plugins/com.st.stm32cube.ide.mcu.externaltools.gnu-tools-for-stm32.7-2018-q2-update.win32_1.4.0.202007081208/tools/bin/../lib/gcc/arm-none-eabi/7.3.1/../../../../arm-none-eabi/lib/thumb/v7-m\libc_nano.a(lib_a-memset.o)
 .text          0x0000000000000000        0x0 c:/st/stm32cubeide_1.4.0/stm32cubeide/plugins/com.st.stm32cube.ide.mcu.externaltools.gnu-tools-for-stm32.7-2018-q2-update.win32_1.4.0.202007081208/tools/bin/../lib/gcc/arm-none-eabi/7.3.1/thumb/v7-m/crtend.o
 .data          0x0000000000000000        0x0 c:/st/stm32cubeide_1.4.0/stm32cubeide/plugins/com.st.stm32cube.ide.mcu.externaltools.gnu-tools-for-stm32.7-2018-q2-update.win32_1.4.0.202007081208/tools/bin/../lib/gcc/arm-none-eabi/7.3.1/thumb/v7-m/crtend.o
 .bss           0x0000000000000000        0x0 c:/st/stm32cubeide_1.4.0/stm32cubeide/plugins/com.st.stm32cube.ide.mcu.externaltools.gnu-tools-for-stm32.7-2018-q2-update.win32_1.4.0.202007081208/tools/bin/../lib/gcc/arm-none-eabi/7.3.1/thumb/v7-m/crtend.o
 .eh_frame      0x0000000000000000        0x4 c:/st/stm32cubeide_1.4.0/stm32cubeide/plugins/com.st.stm32cube.ide.mcu.externaltools.gnu-tools-for-stm32.7-2018-q2-update.win32_1.4.0.202007081208/tools/bin/../lib/gcc/arm-none-eabi/7.3.1/thumb/v7-m/crtend.o
 .ARM.attributes
                0x0000000000000000       0x2d c:/st/stm32cubeide_1.4.0/stm32cubeide/plugins/com.st.stm32cube.ide.mcu.externaltools.gnu-tools-for-stm32.7-2018-q2-update.win32_1.4.0.202007081208/tools/bin/../lib/gcc/arm-none-eabi/7.3.1/thumb/v7-m/crtend.o
 .text          0x0000000000000000        0x0 c:/st/stm32cubeide_1.4.0/stm32cubeide/plugins/com.st.stm32cube.ide.mcu.externaltools.gnu-tools-for-stm32.7-2018-q2-update.win32_1.4.0.202007081208/tools/bin/../lib/gcc/arm-none-eabi/7.3.1/thumb/v7-m/crtn.o
 .data          0x0000000000000000        0x0 c:/st/stm32cubeide_1.4.0/stm32cubeide/plugins/com.st.stm32cube.ide.mcu.externaltools.gnu-tools-for-stm32.7-2018-q2-update.win32_1.4.0.202007081208/tools/bin/../lib/gcc/arm-none-eabi/7.3.1/thumb/v7-m/crtn.o
 .bss           0x0000000000000000        0x0 c:/st/stm32cubeide_1.4.0/stm32cubeide/plugins/com.st.stm32cube.ide.mcu.externaltools.gnu-tools-for-stm32.7-2018-q2-update.win32_1.4.0.202007081208/tools/bin/../lib/gcc/arm-none-eabi/7.3.1/thumb/v7-m/crtn.o

Memory Configuration

Name             Origin             Length             Attributes
RAM              0x0000000020000000 0x0000000000002800 xrw
ROM              0x0000000008000000 0x0000000000008000 xr
*default*        0x0000000000000000 0xffffffffffffffff

Linker script and memory map

LOAD c:/st/stm32cubeide_1.4.0/stm32cubeide/plugins/com.st.stm32cube.ide.mcu.externaltools.gnu-tools-for-stm32.7-2018-q2-update.win32_1.4.0.202007081208/tools/bin/../lib/gcc/arm-none-eabi/7.3.1/thumb/v7-m/crti.o
LOAD c:/st/stm32cubeide_1.4.0/stm32cubeide/plugins/com.st.stm32cube.ide.mcu.externaltools.gnu-tools-for-stm32.7-2018-q2-update.win32_1.4.0.202007081208/tools/bin/../lib/gcc/arm-none-eabi/7.3.1/thumb/v7-m/crtbegin.o
LOAD c:/st/stm32cubeide_1.4.0/stm32cubeide/plugins/com.st.stm32cube.ide.mcu.externaltools.gnu-tools-for-stm32.7-2018-q2-update.win32_1.4.0.202007081208/tools/bin/../lib/gcc/arm-none-eabi/7.3.1/../../../../arm-none-eabi/lib/thumb/v7-m/crt0.o
LOAD Inc/Stm32_F103C6_gpio_driver.o
LOAD Inc/keypad.o
LOAD Inc/lcd.o
LOAD Src/main.o
LOAD Src/syscalls.o
LOAD Src/sysmem.o
LOAD Startup/startup_stm32f103c6tx.o
LOAD Stm32_F103C6_Drivers/keypad.o
START GROUP
LOAD c:/st/stm32cubeide_1.4.0/stm32cubeide/plugins/com.st.stm32cube.ide.mcu.externaltools.gnu-tools-for-stm32.7-2018-q2-update.win32_1.4.0.202007081208/tools/bin/../lib/gcc/arm-none-eabi/7.3.1/../../../../arm-none-eabi/lib/thumb/v7-m\libc_nano.a
LOAD c:/st/stm32cubeide_1.4.0/stm32cubeide/plugins/com.st.stm32cube.ide.mcu.externaltools.gnu-tools-for-stm32.7-2018-q2-update.win32_1.4.0.202007081208/tools/bin/../lib/gcc/arm-none-eabi/7.3.1/../../../../arm-none-eabi/lib/thumb/v7-m\libm.a
END GROUP
START GROUP
LOAD c:/st/stm32cubeide_1.4.0/stm32cubeide/plugins/com.st.stm32cube.ide.mcu.externaltools.gnu-tools-for-stm32.7-2018-q2-update.win32_1.4.0.202007081208/tools/bin/../lib/gcc/arm-none-eabi/7.3.1/thumb/v7-m\libgcc.a
LOAD c:/st/stm32cubeide_1.4.0/stm32cubeide/plugins/com.st.stm32cube.ide.mcu.externaltools.gnu-tools-for-stm32.7-2018-q2-update.win32_1.4.0.202007081208/tools/bin/../lib/gcc/arm-none-eabi/7.3.1/../../../../arm-none-eabi/lib/thumb/v7-m\libc_nano.a
END GROUP
START GROUP
LOAD c:/st/stm32cubeide_1.4.0/stm32cubeide/plugins/com.st.stm32cube.ide.mcu.externaltools.gnu-tools-for-stm32.7-2018-q2-update.win32_1.4.0.202007081208/tools/bin/../lib/gcc/arm-none-eabi/7.3.1/thumb/v7-m\libgcc.a
LOAD c:/st/stm32cubeide_1.4.0/stm32cubeide/plugins/com.st.stm32cube.ide.mcu.externaltools.gnu-tools-for-stm32.7-2018-q2-update.win32_1.4.0.202007081208/tools/bin/../lib/gcc/arm-none-eabi/7.3.1/../../../../arm-none-eabi/lib/thumb/v7-m\libc_nano.a
LOAD c:/st/stm32cubeide_1.4.0/stm32cubeide/plugins/com.st.stm32cube.ide.mcu.externaltools.gnu-tools-for-stm32.7-2018-q2-update.win32_1.4.0.202007081208/tools/bin/../lib/gcc/arm-none-eabi/7.3.1/../../../../arm-none-eabi/lib/thumb/v7-m\libnosys.a
END GROUP
START GROUP
LOAD c:/st/stm32cubeide_1.4.0/stm32cubeide/plugins/com.st.stm32cube.ide.mcu.externaltools.gnu-tools-for-stm32.7-2018-q2-update.win32_1.4.0.202007081208/tools/bin/../lib/gcc/arm-none-eabi/7.3.1/thumb/v7-m\libgcc.a
LOAD c:/st/stm32cubeide_1.4.0/stm32cubeide/plugins/com.st.stm32cube.ide.mcu.externaltools.gnu-tools-for-stm32.7-2018-q2-update.win32_1.4.0.202007081208/tools/bin/../lib/gcc/arm-none-eabi/7.3.1/../../../../arm-none-eabi/lib/thumb/v7-m\libc_nano.a
LOAD c:/st/stm32cubeide_1.4.0/stm32cubeide/plugins/com.st.stm32cube.ide.mcu.externaltools.gnu-tools-for-stm32.7-2018-q2-update.win32_1.4.0.202007081208/tools/bin/../lib/gcc/arm-none-eabi/7.3.1/../../../../arm-none-eabi/lib/thumb/v7-m\libnosys.a
END GROUP
LOAD c:/st/stm32cubeide_1.4.0/stm32cubeide/plugins/com.st.stm32cube.ide.mcu.externaltools.gnu-tools-for-stm32.7-2018-q2-update.win32_1.4.0.202007081208/tools/bin/../lib/gcc/arm-none-eabi/7.3.1/thumb/v7-m/crtend.o
LOAD c:/st/stm32cubeide_1.4.0/stm32cubeide/plugins/com.st.stm32cube.ide.mcu.externaltools.gnu-tools-for-stm32.7-2018-q2-update.win32_1.4.0.202007081208/tools/bin/../lib/gcc/arm-none-eabi/7.3.1/thumb/v7-m/crtn.o
                0x0000000020002800                _estack = (ORIGIN (RAM) + LENGTH (RAM))
                0x0000000000000200                _Min_Heap_Size = 0x200
                0x0000000000000400                _Min_Stack_Size = 0x400

.isr_vector     0x0000000008000000      0x130
                0x0000000008000000                . = ALIGN (0x4)
 *(.isr_vector)
 .isr_vector    0x0000000008000000      0x130 Startup/startup_stm32f103c6tx.o
                0x0000000008000000                g_pfnVectors
                0x0000000008000130                . = ALIGN (0x4)

.text           0x0000000008000130      0xa7c
                0x0000000008000130                . = ALIGN (0x4)
 *(.text)
 .text          0x0000000008000130       0x40 c:/st/stm32cubeide_1.4.0/stm32cubeide/plugins/com.st.stm32cube.ide.mcu.externaltools.gnu-tools-for-stm32.7-2018-q2-update.win32_1.4.0.202007081208/tools/bin/../lib/gcc/arm-none-eabi/7.3.1/thumb/v7-m/crtbegin.o
 *(.text*)
 .text.Get_CRLH_Position
                0x0000000008000170       0xc6 Inc/Stm32_F103C6_gpio_driver.o
                0x0000000008000170                Get_CRLH_Position
 .text.MCAL_GPIO_Init
                0x0000000008000236       0xfe Inc/Stm32_F103C6_gpio_driver.o
                0x0000000008000236                MCAL_GPIO_Init
 .text.MCAL_GPIO_ReadPin
                0x0000000008000334       0x2e Inc/Stm32_F103C6_gpio_driver.o
                0x0000000008000334                MCAL_GPIO_ReadPin
 .text.MCAL_GPIO_WritePin
                0x0000000008000362       0x2e Inc/Stm32_F103C6_gpio_driver.o
                0x0000000008000362                MCAL_GPIO_WritePin
 .text.MCAL_GPIO_WritePort
                0x0000000008000390       0x1c Inc/Stm32_F103C6_gpio_driver.o
                0x0000000008000390                MCAL_GPIO_WritePort
 .text.Keypad_init
                0x00000000080003ac       0xb4 Inc/keypad.o
                0x00000000080003ac                Keypad_init
 .text.Keypad_getkey
                0x0000000008000460      0x178 Inc/keypad.o
                0x0000000008000460                Keypad_getkey
 .text.delay_ms
                0x00000000080005d8       0x38 Inc/lcd.o
                0x00000000080005d8                delay_ms
 .text.LCD_GPIO_init
                0x0000000008000610      0x158 Inc/lcd.o
                0x0000000008000610                LCD_GPIO_init
 .text.LCD_clear_screen
                0x0000000008000768        0xe Inc/lcd.o
                0x0000000008000768                LCD_clear_screen
 *fill*         0x0000000008000776        0x2 
 .text.LCD_lcd_kick
                0x0000000008000778       0x2c Inc/lcd.o
                0x0000000008000778                LCD_lcd_kick
 .text.LCD_GOTO_XY
                0x00000000080007a4       0x48 Inc/lcd.o
                0x00000000080007a4                LCD_GOTO_XY
 .text.LCD_INIT
                0x00000000080007ec       0x34 Inc/lcd.o
                0x00000000080007ec                LCD_INIT
 .text.LCD_WRITE_COMMAND
                0x0000000008000820       0x44 Inc/lcd.o
                0x0000000008000820                LCD_WRITE_COMMAND
 .text.LCD_WRITE_CHAR
                0x0000000008000864       0x44 Inc/lcd.o
                0x0000000008000864                LCD_WRITE_CHAR
 .text.LCD_WRITE_STRING
                0x00000000080008a8       0x58 Inc/lcd.o
                0x00000000080008a8                LCD_WRITE_STRING
 .text.clock_init
                0x0000000008000900       0x28 Src/main.o
                0x0000000008000900                clock_init
 .text.GPIO_init
                0x0000000008000928       0xbc Src/main.o
                0x0000000008000928                GPIO_init
 .text.wait_ms  0x00000000080009e4       0x38 Src/main.o
                0x00000000080009e4                wait_ms
 .text.main     0x0000000008000a1c       0xdc Src/main.o
                0x0000000008000a1c                main
 .text.Reset_Handler
                0x0000000008000af8       0x50 Startup/startup_stm32f103c6tx.o
                0x0000000008000af8                Reset_Handler
 .text.Default_Handler
                0x0000000008000b48        0x2 Startup/startup_stm32f103c6tx.o
                0x0000000008000b48                EXTI2_IRQHandler
                0x0000000008000b48                TIM8_TRG_COM_IRQHandler
                0x0000000008000b48                TIM8_CC_IRQHandler
                0x0000000008000b48                DebugMon_Handler
                0x0000000008000b48                TIM1_CC_IRQHandler
                0x0000000008000b48                HardFault_Handler
                0x0000000008000b48                TIM6_IRQHandler
                0x0000000008000b48                SysTick_Handler
                0x0000000008000b48                PVD_IRQHandler
                0x0000000008000b48                SDIO_IRQHandler
                0x0000000008000b48                PendSV_Handler
                0x0000000008000b48                NMI_Handler
                0x0000000008000b48                EXTI3_IRQHandler
                0x0000000008000b48                USB_HP_CAN_TX_IRQHandler
                0x0000000008000b48                EXTI0_IRQHandler
                0x0000000008000b48                I2C2_EV_IRQHandler
                0x0000000008000b48                UsageFault_Handler
                0x0000000008000b48                ADC1_2_IRQHandler
                0x0000000008000b48                SPI1_IRQHandler
                0x0000000008000b48                CAN_SCE_IRQHandler
                0x0000000008000b48                TAMPER_IRQHandler
                0x0000000008000b48                TIM8_UP_IRQHandler
                0x0000000008000b48                DMA2_Channel2_IRQHandler
                0x0000000008000b48                DMA1_Channel4_IRQHandler
                0x0000000008000b48                USART3_IRQHandler
                0x0000000008000b48                RTC_IRQHandler
                0x0000000008000b48                DMA1_Channel7_IRQHandler
                0x0000000008000b48                UART5_IRQHandler
                0x0000000008000b48                ADC3_IRQHandler
                0x0000000008000b48                TIM4_IRQHandler
                0x0000000008000b48                CAN_RX1_IRQHandler
                0x0000000008000b48                DMA2_Channel1_IRQHandler
                0x0000000008000b48                I2C1_EV_IRQHandler
                0x0000000008000b48                DMA1_Channel6_IRQHandler
                0x0000000008000b48                UART4_IRQHandler
                0x0000000008000b48                TIM3_IRQHandler
                0x0000000008000b48                RCC_IRQHandler
                0x0000000008000b48                TIM1_TRG_COM_IRQHandler
                0x0000000008000b48                DMA1_Channel1_IRQHandler
                0x0000000008000b48                Default_Handler
                0x0000000008000b48                EXTI15_10_IRQHandler
                0x0000000008000b48                TIM7_IRQHandler
                0x0000000008000b48                TIM5_IRQHandler
                0x0000000008000b48                EXTI9_5_IRQHandler
                0x0000000008000b48                SPI2_IRQHandler
                0x0000000008000b48                USB_LP_CAN_RX0_IRQHandler
                0x0000000008000b48                MemManage_Handler
                0x0000000008000b48                SVC_Handler
                0x0000000008000b48                DMA1_Channel5_IRQHandler
                0x0000000008000b48                EXTI4_IRQHandler
                0x0000000008000b48                DMA1_Channel3_IRQHandler
                0x0000000008000b48                FSMC_IRQHandler
                0x0000000008000b48                TIM1_UP_IRQHandler
                0x0000000008000b48                WWDG_IRQHandler
                0x0000000008000b48                TIM2_IRQHandler
                0x0000000008000b48                TIM1_BRK_IRQHandler
                0x0000000008000b48                EXTI1_IRQHandler
                0x0000000008000b48                RTCAlarm_IRQHandler
                0x0000000008000b48                DMA2_Channel4_5_IRQHandler
                0x0000000008000b48                USART2_IRQHandler
                0x0000000008000b48                I2C2_ER_IRQHandler
                0x0000000008000b48                DMA1_Channel2_IRQHandler
                0x0000000008000b48                TIM8_BRK_IRQHandler
                0x0000000008000b48                FLASH_IRQHandler
                0x0000000008000b48                BusFault_Handler
                0x0000000008000b48                USART1_IRQHandler
                0x0000000008000b48                SPI3_IRQHandler
                0x0000000008000b48                I2C1_ER_IRQHandler
                0x0000000008000b48                DMA2_Channel3_IRQHandler
 *fill*         0x0000000008000b4a        0x2 
 .text.__libc_init_array
                0x0000000008000b4c       0x48 c:/st/stm32cubeide_1.4.0/stm32cubeide/plugins/com.st.stm32cube.ide.mcu.externaltools.gnu-tools-for-stm32.7-2018-q2-update.win32_1.4.0.202007081208/tools/bin/../lib/gcc/arm-none-eabi/7.3.1/../../../../arm-none-eabi/lib/thumb/v7-m\libc_nano.a(lib_a-init.o)
                0x0000000008000b4c                __libc_init_array
 *(.glue_7)
 .glue_7        0x0000000008000b94        0x0 linker stubs
 *(.glue_7t)
 .glue_7t       0x0000000008000b94        0x0 linker stubs
 *(.eh_frame)
 .eh_frame      0x0000000008000b94        0x0 c:/st/stm32cubeide_1.4.0/stm32cubeide/plugins/com.st.stm32cube.ide.mcu.externaltools.gnu-tools-for-stm32.7-2018-q2-update.win32_1.4.0.202007081208/tools/bin/../lib/gcc/arm-none-eabi/7.3.1/thumb/v7-m/crtbegin.o
 *(.init)
 .init          0x0000000008000b94        0x4 c:/st/stm32cubeide_1.4.0/stm32cubeide/plugins/com.st.stm32cube.ide.mcu.externaltools.gnu-tools-for-stm32.7-2018-q2-update.win32_1.4.0.202007081208/tools/bin/../lib/gcc/arm-none-eabi/7.3.1/thumb/v7-m/crti.o
                0x0000000008000b94                _init
 .init          0x0000000008000b98        0x8 c:/st/stm32cubeide_1.4.0/stm32cubeide/plugins/com.st.stm32cube.ide.mcu.externaltools.gnu-tools-for-stm32.7-2018-q2-update.win32_1.4.0.202007081208/tools/bin/../lib/gcc/arm-none-eabi/7.3.1/thumb/v7-m/crtn.o
 *(.fini)
 .fini          0x0000000008000ba0        0x4 c:/st/stm32cubeide_1.4.0/stm32cubeide/plugins/com.st.stm32cube.ide.mcu.externaltools.gnu-tools-for-stm32.7-2018-q2-update.win32_1.4.0.202007081208/tools/bin/../lib/gcc/arm-none-eabi/7.3.1/thumb/v7-m/crti.o
                0x0000000008000ba0                _fini
 .fini          0x0000000008000ba4        0x8 c:/st/stm32cubeide_1.4.0/stm32cubeide/plugins/com.st.stm32cube.ide.mcu.externaltools.gnu-tools-for-stm32.7-2018-q2-update.win32_1.4.0.202007081208/tools/bin/../lib/gcc/arm-none-eabi/7.3.1/thumb/v7-m/crtn.o
                0x0000000008000bac                . = ALIGN (0x4)
                0x0000000008000bac                _etext = .

.vfp11_veneer   0x0000000008000bac        0x0
 .vfp11_veneer  0x0000000008000bac        0x0 linker stubs

.v4_bx          0x0000000008000bac        0x0
 .v4_bx         0x0000000008000bac        0x0 linker stubs

.iplt           0x0000000008000bac        0x0
 .iplt          0x0000000008000bac        0x0 c:/st/stm32cubeide_1.4.0/stm32cubeide/plugins/com.st.stm32cube.ide.mcu.externaltools.gnu-tools-for-stm32.7-2018-q2-update.win32_1.4.0.202007081208/tools/bin/../lib/gcc/arm-none-eabi/7.3.1/thumb/v7-m/crtbegin.o

.rodata         0x0000000008000bac       0x2c
                0x0000000008000bac                . = ALIGN (0x4)
 *(.rodata)
 .rodata        0x0000000008000bac       0x2b Src/main.o
 *(.rodata*)
                0x0000000008000bd8                . = ALIGN (0x4)
 *fill*         0x0000000008000bd7        0x1 

.rel.dyn        0x0000000008000bd8        0x0
 .rel.iplt      0x0000000008000bd8        0x0 c:/st/stm32cubeide_1.4.0/stm32cubeide/plugins/com.st.stm32cube.ide.mcu.externaltools.gnu-tools-for-stm32.7-2018-q2-update.win32_1.4.0.202007081208/tools/bin/../lib/gcc/arm-none-eabi/7.3.1/thumb/v7-m/crtbegin.o

.ARM.extab      0x0000000008000bd8        0x0
                0x0000000008000bd8                . = ALIGN (0x4)
 *(.ARM.extab* .gnu.linkonce.armextab.*)
                0x0000000008000bd8                . = ALIGN (0x4)

.ARM            0x0000000008000bd8        0x0
                0x0000000008000bd8                . = ALIGN (0x4)
                0x0000000008000bd8                __exidx_start = .
 *(.ARM.exidx*)
                0x0000000008000bd8                __exidx_end = .
                0x0000000008000bd8                . = ALIGN (0x4)

.preinit_array  0x0000000008000bd8        0x0
                0x0000000008000bd8                . = ALIGN (0x4)
                0x0000000008000bd8                PROVIDE (__preinit_array_start = .)
 *(.preinit_array*)
                0x0000000008000bd8                PROVIDE (__preinit_array_end = .)
                0x0000000008000bd8                . = ALIGN (0x4)

.init_array     0x0000000008000bd8        0x4
                0x0000000008000bd8                . = ALIGN (0x4)
                0x0000000008000bd8                PROVIDE (__init_array_start = .)
 *(SORT_BY_NAME(.init_array.*))
 *(.init_array*)
 .init_array    0x0000000008000bd8        0x4 c:/st/stm32cubeide_1.4.0/stm32cubeide/plugins/com.st.stm32cube.ide.mcu.externaltools.gnu-tools-for-stm32.7-2018-q2-update.win32_1.4.0.202007081208/tools/bin/../lib/gcc/arm-none-eabi/7.3.1/thumb/v7-m/crtbegin.o
                0x0000000008000bdc                PROVIDE (__init_array_end = .)
                0x0000000008000bdc                . = ALIGN (0x4)

.fini_array     0x0000000008000bdc        0x4
                0x0000000008000bdc                . = ALIGN (0x4)
                [!provide]                        PROVIDE (__fini_array_start = .)
 *(SORT_BY_NAME(.fini_array.*))
 *(.fini_array*)
 .fini_array    0x0000000008000bdc        0x4 c:/st/stm32cubeide_1.4.0/stm32cubeide/plugins/com.st.stm32cube.ide.mcu.externaltools.gnu-tools-for-stm32.7-2018-q2-update.win32_1.4.0.202007081208/tools/bin/../lib/gcc/arm-none-eabi/7.3.1/thumb/v7-m/crtbegin.o
                [!provide]                        PROVIDE (__fini_array_end = .)
                0x0000000008000be0                . = ALIGN (0x4)
                0x0000000008000be0                _sidata = LOADADDR (.data)

.data           0x0000000020000000       0x10 load address 0x0000000008000be0
                0x0000000020000000                . = ALIGN (0x4)
                0x0000000020000000                _sdata = .
 *(.data)
 *(.data*)
 .data.Key_padRow
                0x0000000020000000        0x8 Inc/keypad.o
                0x0000000020000000                Key_padRow
 .data.Key_padCol
                0x0000000020000008        0x8 Inc/keypad.o
                0x0000000020000008                Key_padCol
                0x0000000020000010                . = ALIGN (0x4)
                0x0000000020000010                _edata = .

.igot.plt       0x0000000020000010        0x0 load address 0x0000000008000bf0
 .igot.plt      0x0000000020000010        0x0 c:/st/stm32cubeide_1.4.0/stm32cubeide/plugins/com.st.stm32cube.ide.mcu.externaltools.gnu-tools-for-stm32.7-2018-q2-update.win32_1.4.0.202007081208/tools/bin/../lib/gcc/arm-none-eabi/7.3.1/thumb/v7-m/crtbegin.o
                0x0000000020000010                . = ALIGN (0x4)

.bss            0x0000000020000010       0x20 load address 0x0000000008000bf0
                0x0000000020000010                _sbss = .
                0x0000000020000010                __bss_start__ = _sbss
 *(.bss)
 .bss           0x0000000020000010       0x1c c:/st/stm32cubeide_1.4.0/stm32cubeide/plugins/com.st.stm32cube.ide.mcu.externaltools.gnu-tools-for-stm32.7-2018-q2-update.win32_1.4.0.202007081208/tools/bin/../lib/gcc/arm-none-eabi/7.3.1/thumb/v7-m/crtbegin.o
 *(.bss*)
 *(COMMON)
 COMMON         0x000000002000002c        0x4 Inc/lcd.o
                0x000000002000002c                PinCfg
                0x0000000020000030                . = ALIGN (0x4)
                0x0000000020000030                _ebss = .
                0x0000000020000030                __bss_end__ = _ebss

._user_heap_stack
                0x0000000020000030      0x600 load address 0x0000000008000bf0
                0x0000000020000030                . = ALIGN (0x8)
                [!provide]                        PROVIDE (end = .)
                0x0000000020000030                PROVIDE (_end = .)
                0x0000000020000230                . = (. + _Min_Heap_Size)
 *fill*         0x0000000020000030      0x200 
                0x0000000020000630                . = (. + _Min_Stack_Size)
 *fill*         0x0000000020000230      0x400 
                0x0000000020000630                . = ALIGN (0x8)

/DISCARD/
 libc.a(*)
 libm.a(*)
 libgcc.a(*)

.ARM.attributes
                0x0000000000000000       0x29
 *(.ARM.attributes)
 .ARM.attributes
                0x0000000000000000       0x1d c:/st/stm32cubeide_1.4.0/stm32cubeide/plugins/com.st.stm32cube.ide.mcu.externaltools.gnu-tools-for-stm32.7-2018-q2-update.win32_1.4.0.202007081208/tools/bin/../lib/gcc/arm-none-eabi/7.3.1/thumb/v7-m/crti.o
 .ARM.attributes
                0x000000000000001d       0x2d c:/st/stm32cubeide_1.4.0/stm32cubeide/plugins/com.st.stm32cube.ide.mcu.externaltools.gnu-tools-for-stm32.7-2018-q2-update.win32_1.4.0.202007081208/tools/bin/../lib/gcc/arm-none-eabi/7.3.1/thumb/v7-m/crtbegin.o
 .ARM.attributes
                0x000000000000004a       0x33 Inc/Stm32_F103C6_gpio_driver.o
 .ARM.attributes
                0x000000000000007d       0x33 Inc/keypad.o
 .ARM.attributes
                0x00000000000000b0       0x33 Inc/lcd.o
 .ARM.attributes
                0x00000000000000e3       0x33 Src/main.o
 .ARM.attributes
                0x0000000000000116       0x21 Startup/startup_stm32f103c6tx.o
 .ARM.attributes
                0x0000000000000137       0x2d c:/st/stm32cubeide_1.4.0/stm32cubeide/plugins/com.st.stm32cube.ide.mcu.externaltools.gnu-tools-for-stm32.7-2018-q2-update.win32_1.4.0.202007081208/tools/bin/../lib/gcc/arm-none-eabi/7.3.1/../../../../arm-none-eabi/lib/thumb/v7-m\libc_nano.a(lib_a-init.o)
 .ARM.attributes
                0x0000000000000164       0x1d c:/st/stm32cubeide_1.4.0/stm32cubeide/plugins/com.st.stm32cube.ide.mcu.externaltools.gnu-tools-for-stm32.7-2018-q2-update.win32_1.4.0.202007081208/tools/bin/../lib/gcc/arm-none-eabi/7.3.1/thumb/v7-m/crtn.o
OUTPUT(mcal.elf elf32-littlearm)

.debug_info     0x0000000000000000     0x2c32
 .debug_info    0x0000000000000000      0xc1e Inc/Stm32_F103C6_gpio_driver.o
 .debug_info    0x0000000000000c1e      0xa3b Inc/keypad.o
 .debug_info    0x0000000000001659      0xac5 Inc/lcd.o
 .debug_info    0x000000000000211e      0xaf2 Src/main.o
 .debug_info    0x0000000000002c10       0x22 Startup/startup_stm32f103c6tx.o

.debug_abbrev   0x0000000000000000      0x84b
 .debug_abbrev  0x0000000000000000      0x23f Inc/Stm32_F103C6_gpio_driver.o
 .debug_abbrev  0x000000000000023f      0x1eb Inc/keypad.o
 .debug_abbrev  0x000000000000042a      0x201 Inc/lcd.o
 .debug_abbrev  0x000000000000062b      0x20e Src/main.o
 .debug_abbrev  0x0000000000000839       0x12 Startup/startup_stm32f103c6tx.o

.debug_aranges  0x0000000000000000      0x158
 .debug_aranges
                0x0000000000000000       0x60 Inc/Stm32_F103C6_gpio_driver.o
 .debug_aranges
                0x0000000000000060       0x30 Inc/keypad.o
 .debug_aranges
                0x0000000000000090       0x68 Inc/lcd.o
 .debug_aranges
                0x00000000000000f8       0x38 Src/main.o
 .debug_aranges
                0x0000000000000130       0x28 Startup/startup_stm32f103c6tx.o

.debug_ranges   0x0000000000000000      0x110
 .debug_ranges  0x0000000000000000       0x50 Inc/Stm32_F103C6_gpio_driver.o
 .debug_ranges  0x0000000000000050       0x20 Inc/keypad.o
 .debug_ranges  0x0000000000000070       0x58 Inc/lcd.o
 .debug_ranges  0x00000000000000c8       0x28 Src/main.o
 .debug_ranges  0x00000000000000f0       0x20 Startup/startup_stm32f103c6tx.o

.debug_macro    0x0000000000000000     0x1ffc
 .debug_macro   0x0000000000000000      0x13f Inc/Stm32_F103C6_gpio_driver.o
 .debug_macro   0x000000000000013f      0xa60 Inc/Stm32_F103C6_gpio_driver.o
 .debug_macro   0x0000000000000b9f       0x18 Inc/Stm32_F103C6_gpio_driver.o
 .debug_macro   0x0000000000000bb7       0x22 Inc/Stm32_F103C6_gpio_driver.o
 .debug_macro   0x0000000000000bd9       0x40 Inc/Stm32_F103C6_gpio_driver.o
 .debug_macro   0x0000000000000c19       0x94 Inc/Stm32_F103C6_gpio_driver.o
 .debug_macro   0x0000000000000cad       0x3c Inc/Stm32_F103C6_gpio_driver.o
 .debug_macro   0x0000000000000ce9       0x34 Inc/Stm32_F103C6_gpio_driver.o
 .debug_macro   0x0000000000000d1d       0x16 Inc/Stm32_F103C6_gpio_driver.o
 .debug_macro   0x0000000000000d33      0x10e Inc/Stm32_F103C6_gpio_driver.o
 .debug_macro   0x0000000000000e41       0x8d Inc/Stm32_F103C6_gpio_driver.o
 .debug_macro   0x0000000000000ece       0x57 Inc/Stm32_F103C6_gpio_driver.o
 .debug_macro   0x0000000000000f25       0x52 Inc/Stm32_F103C6_gpio_driver.o
 .debug_macro   0x0000000000000f77       0x1f Inc/Stm32_F103C6_gpio_driver.o
 .debug_macro   0x0000000000000f96       0x43 Inc/Stm32_F103C6_gpio_driver.o
 .debug_macro   0x0000000000000fd9       0x20 Inc/Stm32_F103C6_gpio_driver.o
 .debug_macro   0x0000000000000ff9      0x1a3 Inc/Stm32_F103C6_gpio_driver.o
 .debug_macro   0x000000000000119c      0x330 Inc/Stm32_F103C6_gpio_driver.o
 .debug_macro   0x00000000000014cc       0x16 Inc/Stm32_F103C6_gpio_driver.o
 .debug_macro   0x00000000000014e2       0x29 Inc/Stm32_F103C6_gpio_driver.o
 .debug_macro   0x000000000000150b       0xef Inc/Stm32_F103C6_gpio_driver.o
 .debug_macro   0x00000000000015fa       0x6a Inc/Stm32_F103C6_gpio_driver.o
 .debug_macro   0x0000000000001664      0x1df Inc/Stm32_F103C6_gpio_driver.o
 .debug_macro   0x0000000000001843       0xb4 Inc/Stm32_F103C6_gpio_driver.o
 .debug_macro   0x00000000000018f7       0xd0 Inc/Stm32_F103C6_gpio_driver.o
 .debug_macro   0x00000000000019c7      0x148 Inc/keypad.o
 .debug_macro   0x0000000000001b0f       0xd6 Inc/keypad.o
 .debug_macro   0x0000000000001be5       0x46 Inc/keypad.o
 .debug_macro   0x0000000000001c2b      0x147 Inc/lcd.o
 .debug_macro   0x0000000000001d72       0x10 Inc/lcd.o
 .debug_macro   0x0000000000001d82       0x94 Inc/lcd.o
 .debug_macro   0x0000000000001e16      0x19a Src/main.o
 .debug_macro   0x0000000000001fb0       0x4c Src/main.o

.debug_line     0x0000000000000000     0x1855
 .debug_line    0x0000000000000000      0x62c Inc/Stm32_F103C6_gpio_driver.o
 .debug_line    0x000000000000062c      0x5bf Inc/keypad.o
 .debug_line    0x0000000000000beb      0x62e Inc/lcd.o
 .debug_line    0x0000000000001219      0x5b8 Src/main.o
 .debug_line    0x00000000000017d1       0x84 Startup/startup_stm32f103c6tx.o

.debug_str      0x0000000000000000     0x7aed
 .debug_str     0x0000000000000000     0x75fa Inc/Stm32_F103C6_gpio_driver.o
                                       0x7865 (size before relaxing)
 .debug_str     0x00000000000075fa       0xec Inc/keypad.o
                                       0x7807 (size before relaxing)
 .debug_str     0x00000000000076e6      0x334 Inc/lcd.o
                                       0x7a50 (size before relaxing)
 .debug_str     0x0000000000007a1a       0xa2 Src/main.o
                                       0x7b15 (size before relaxing)
 .debug_str     0x0000000000007abc       0x31 Startup/startup_stm32f103c6tx.o
                                         0x63 (size before relaxing)

.comment        0x0000000000000000       0x7b
 .comment       0x0000000000000000       0x7b Inc/Stm32_F103C6_gpio_driver.o
                                         0x7c (size before relaxing)
 .comment       0x000000000000007b       0x7c Inc/keypad.o
 .comment       0x000000000000007b       0x7c Inc/lcd.o
 .comment       0x000000000000007b       0x7c Src/main.o

.debug_frame    0x0000000000000000      0x414
 .debug_frame   0x0000000000000000      0x178 Inc/Stm32_F103C6_gpio_driver.o
 .debug_frame   0x0000000000000178       0x80 Inc/keypad.o
 .debug_frame   0x00000000000001f8      0x154 Inc/lcd.o
 .debug_frame   0x000000000000034c       0x9c Src/main.o
 .debug_frame   0x00000000000003e8       0x2c c:/st/stm32cubeide_1.4.0/stm32cubeide/plugins/com.st.stm32cube.ide.mcu.externaltools.gnu-tools-for-stm32.7-2018-q2-update.win32_1.4.0.202007081208/tools/bin/../lib/gcc/arm-none-eabi/7.3.1/../../../../arm-none-eabi/lib/thumb/v7-m\libc_nano.a(lib_a-init.o)
