Archive member included to satisfy reference by file (symbol)

c:/st/stm32cubeide_1.4.0/stm32cubeide/plugins/com.st.stm32cube.ide.mcu.externaltools.gnu-tools-for-stm32.7-2018-q2-update.win32_1.4.0.202007081208/tools/bin/../lib/gcc/arm-none-eabi/7.3.1/../../../../arm-none-eabi/lib/thumb/v7-m\libc_nano.a(lib_a-errno.o)
                              Src/syscalls.o (__errno)
c:/st/stm32cubeide_1.4.0/stm32cubeide/plugins/com.st.stm32cube.ide.mcu.externaltools.gnu-tools-for-stm32.7-2018-q2-update.win32_1.4.0.202007081208/tools/bin/../lib/gcc/arm-none-eabi/7.3.1/../../../../arm-none-eabi/lib/thumb/v7-m\libc_nano.a(lib_a-exit.o)
                              c:/st/stm32cubeide_1.4.0/stm32cubeide/plugins/com.st.stm32cube.ide.mcu.externaltools.gnu-tools-for-stm32.7-2018-q2-update.win32_1.4.0.202007081208/tools/bin/../lib/gcc/arm-none-eabi/7.3.1/../../../../arm-none-eabi/lib/thumb/v7-m/crt0.o (exit)
c:/st/stm32cubeide_1.4.0/stm32cubeide/plugins/com.st.stm32cube.ide.mcu.externaltools.gnu-tools-for-stm32.7-2018-q2-update.win32_1.4.0.202007081208/tools/bin/../lib/gcc/arm-none-eabi/7.3.1/../../../../arm-none-eabi/lib/thumb/v7-m\libc_nano.a(lib_a-impure.o)
                              c:/st/stm32cubeide_1.4.0/stm32cubeide/plugins/com.st.stm32cube.ide.mcu.externaltools.gnu-tools-for-stm32.7-2018-q2-update.win32_1.4.0.202007081208/tools/bin/../lib/gcc/arm-none-eabi/7.3.1/../../../../arm-none-eabi/lib/thumb/v7-m\libc_nano.a(lib_a-exit.o) (_global_impure_ptr)
c:/st/stm32cubeide_1.4.0/stm32cubeide/plugins/com.st.stm32cube.ide.mcu.externaltools.gnu-tools-for-stm32.7-2018-q2-update.win32_1.4.0.202007081208/tools/bin/../lib/gcc/arm-none-eabi/7.3.1/../../../../arm-none-eabi/lib/thumb/v7-m\libc_nano.a(lib_a-init.o)
                              c:/st/stm32cubeide_1.4.0/stm32cubeide/plugins/com.st.stm32cube.ide.mcu.externaltools.gnu-tools-for-stm32.7-2018-q2-update.win32_1.4.0.202007081208/tools/bin/../lib/gcc/arm-none-eabi/7.3.1/../../../../arm-none-eabi/lib/thumb/v7-m/crt0.o (__libc_init_array)
c:/st/stm32cubeide_1.4.0/stm32cubeide/plugins/com.st.stm32cube.ide.mcu.externaltools.gnu-tools-for-stm32.7-2018-q2-update.win32_1.4.0.202007081208/tools/bin/../lib/gcc/arm-none-eabi/7.3.1/../../../../arm-none-eabi/lib/thumb/v7-m\libc_nano.a(lib_a-memset.o)
                              c:/st/stm32cubeide_1.4.0/stm32cubeide/plugins/com.st.stm32cube.ide.mcu.externaltools.gnu-tools-for-stm32.7-2018-q2-update.win32_1.4.0.202007081208/tools/bin/../lib/gcc/arm-none-eabi/7.3.1/../../../../arm-none-eabi/lib/thumb/v7-m/crt0.o (memset)

Allocating common symbols
Common symbol       size              file

GP_IRQ_callBack     0x3c              Inc/EXTI.o
PinCfg              0x4               Inc/lcd.o
ch                  0x2               Src/main.o

Discarded input sections

 .text          0x0000000000000000        0x0 c:/st/stm32cubeide_1.4.0/stm32cubeide/plugins/com.st.stm32cube.ide.mcu.externaltools.gnu-tools-for-stm32.7-2018-q2-update.win32_1.4.0.202007081208/tools/bin/../lib/gcc/arm-none-eabi/7.3.1/thumb/v7-m/crti.o
 .data          0x0000000000000000        0x0 c:/st/stm32cubeide_1.4.0/stm32cubeide/plugins/com.st.stm32cube.ide.mcu.externaltools.gnu-tools-for-stm32.7-2018-q2-update.win32_1.4.0.202007081208/tools/bin/../lib/gcc/arm-none-eabi/7.3.1/thumb/v7-m/crti.o
 .bss           0x0000000000000000        0x0 c:/st/stm32cubeide_1.4.0/stm32cubeide/plugins/com.st.stm32cube.ide.mcu.externaltools.gnu-tools-for-stm32.7-2018-q2-update.win32_1.4.0.202007081208/tools/bin/../lib/gcc/arm-none-eabi/7.3.1/thumb/v7-m/crti.o
 .data          0x0000000000000000        0x4 c:/st/stm32cubeide_1.4.0/stm32cubeide/plugins/com.st.stm32cube.ide.mcu.externaltools.gnu-tools-for-stm32.7-2018-q2-update.win32_1.4.0.202007081208/tools/bin/../lib/gcc/arm-none-eabi/7.3.1/thumb/v7-m/crtbegin.o
 .text          0x0000000000000000       0x74 c:/st/stm32cubeide_1.4.0/stm32cubeide/plugins/com.st.stm32cube.ide.mcu.externaltools.gnu-tools-for-stm32.7-2018-q2-update.win32_1.4.0.202007081208/tools/bin/../lib/gcc/arm-none-eabi/7.3.1/../../../../arm-none-eabi/lib/thumb/v7-m/crt0.o
 .data          0x0000000000000000        0x0 c:/st/stm32cubeide_1.4.0/stm32cubeide/plugins/com.st.stm32cube.ide.mcu.externaltools.gnu-tools-for-stm32.7-2018-q2-update.win32_1.4.0.202007081208/tools/bin/../lib/gcc/arm-none-eabi/7.3.1/../../../../arm-none-eabi/lib/thumb/v7-m/crt0.o
 .bss           0x0000000000000000        0x0 c:/st/stm32cubeide_1.4.0/stm32cubeide/plugins/com.st.stm32cube.ide.mcu.externaltools.gnu-tools-for-stm32.7-2018-q2-update.win32_1.4.0.202007081208/tools/bin/../lib/gcc/arm-none-eabi/7.3.1/../../../../arm-none-eabi/lib/thumb/v7-m/crt0.o
 .ARM.extab     0x0000000000000000        0x0 c:/st/stm32cubeide_1.4.0/stm32cubeide/plugins/com.st.stm32cube.ide.mcu.externaltools.gnu-tools-for-stm32.7-2018-q2-update.win32_1.4.0.202007081208/tools/bin/../lib/gcc/arm-none-eabi/7.3.1/../../../../arm-none-eabi/lib/thumb/v7-m/crt0.o
 .ARM.exidx     0x0000000000000000        0x8 c:/st/stm32cubeide_1.4.0/stm32cubeide/plugins/com.st.stm32cube.ide.mcu.externaltools.gnu-tools-for-stm32.7-2018-q2-update.win32_1.4.0.202007081208/tools/bin/../lib/gcc/arm-none-eabi/7.3.1/../../../../arm-none-eabi/lib/thumb/v7-m/crt0.o
 .ARM.attributes
                0x0000000000000000       0x1b c:/st/stm32cubeide_1.4.0/stm32cubeide/plugins/com.st.stm32cube.ide.mcu.externaltools.gnu-tools-for-stm32.7-2018-q2-update.win32_1.4.0.202007081208/tools/bin/../lib/gcc/arm-none-eabi/7.3.1/../../../../arm-none-eabi/lib/thumb/v7-m/crt0.o
 .group         0x0000000000000000        0xc Inc/EXTI.o
 .group         0x0000000000000000        0xc Inc/EXTI.o
 .group         0x0000000000000000        0xc Inc/EXTI.o
 .group         0x0000000000000000        0xc Inc/EXTI.o
 .group         0x0000000000000000        0xc Inc/EXTI.o
 .group         0x0000000000000000        0xc Inc/EXTI.o
 .group         0x0000000000000000        0xc Inc/EXTI.o
 .group         0x0000000000000000        0xc Inc/EXTI.o
 .group         0x0000000000000000        0xc Inc/EXTI.o
 .group         0x0000000000000000        0xc Inc/EXTI.o
 .group         0x0000000000000000        0xc Inc/EXTI.o
 .group         0x0000000000000000        0xc Inc/EXTI.o
 .group         0x0000000000000000        0xc Inc/EXTI.o
 .group         0x0000000000000000        0xc Inc/EXTI.o
 .group         0x0000000000000000        0xc Inc/EXTI.o
 .group         0x0000000000000000        0xc Inc/EXTI.o
 .group         0x0000000000000000        0xc Inc/EXTI.o
 .group         0x0000000000000000        0xc Inc/EXTI.o
 .group         0x0000000000000000        0xc Inc/EXTI.o
 .group         0x0000000000000000        0xc Inc/EXTI.o
 .group         0x0000000000000000        0xc Inc/EXTI.o
 .group         0x0000000000000000        0xc Inc/EXTI.o
 .group         0x0000000000000000        0xc Inc/EXTI.o
 .group         0x0000000000000000        0xc Inc/EXTI.o
 .group         0x0000000000000000        0xc Inc/EXTI.o
 .text          0x0000000000000000        0x0 Inc/EXTI.o
 .data          0x0000000000000000        0x0 Inc/EXTI.o
 .bss           0x0000000000000000        0x0 Inc/EXTI.o
 .text.Enable_NVIC
                0x0000000000000000       0xcc Inc/EXTI.o
 .text.Disable_NVIC
                0x0000000000000000       0xcc Inc/EXTI.o
 .text.Update_EXTI
                0x0000000000000000      0x1d8 Inc/EXTI.o
 .text.MCAL_EXTI_GPIO_Init
                0x0000000000000000       0x16 Inc/EXTI.o
 .text.MCAL_EXTI_GPIO_DeInit
                0x0000000000000000       0x94 Inc/EXTI.o
 .text.MCAL_EXTI_GPIO_Update
                0x0000000000000000       0x16 Inc/EXTI.o
 .group         0x0000000000000000        0xc Inc/Stm32_F103C6_gpio_driver.o
 .group         0x0000000000000000        0xc Inc/Stm32_F103C6_gpio_driver.o
 .group         0x0000000000000000        0xc Inc/Stm32_F103C6_gpio_driver.o
 .group         0x0000000000000000        0xc Inc/Stm32_F103C6_gpio_driver.o
 .group         0x0000000000000000        0xc Inc/Stm32_F103C6_gpio_driver.o
 .group         0x0000000000000000        0xc Inc/Stm32_F103C6_gpio_driver.o
 .group         0x0000000000000000        0xc Inc/Stm32_F103C6_gpio_driver.o
 .group         0x0000000000000000        0xc Inc/Stm32_F103C6_gpio_driver.o
 .group         0x0000000000000000        0xc Inc/Stm32_F103C6_gpio_driver.o
 .group         0x0000000000000000        0xc Inc/Stm32_F103C6_gpio_driver.o
 .group         0x0000000000000000        0xc Inc/Stm32_F103C6_gpio_driver.o
 .group         0x0000000000000000        0xc Inc/Stm32_F103C6_gpio_driver.o
 .group         0x0000000000000000        0xc Inc/Stm32_F103C6_gpio_driver.o
 .group         0x0000000000000000        0xc Inc/Stm32_F103C6_gpio_driver.o
 .group         0x0000000000000000        0xc Inc/Stm32_F103C6_gpio_driver.o
 .group         0x0000000000000000        0xc Inc/Stm32_F103C6_gpio_driver.o
 .group         0x0000000000000000        0xc Inc/Stm32_F103C6_gpio_driver.o
 .group         0x0000000000000000        0xc Inc/Stm32_F103C6_gpio_driver.o
 .group         0x0000000000000000        0xc Inc/Stm32_F103C6_gpio_driver.o
 .group         0x0000000000000000        0xc Inc/Stm32_F103C6_gpio_driver.o
 .group         0x0000000000000000        0xc Inc/Stm32_F103C6_gpio_driver.o
 .group         0x0000000000000000        0xc Inc/Stm32_F103C6_gpio_driver.o
 .group         0x0000000000000000        0xc Inc/Stm32_F103C6_gpio_driver.o
 .group         0x0000000000000000        0xc Inc/Stm32_F103C6_gpio_driver.o
 .text          0x0000000000000000        0x0 Inc/Stm32_F103C6_gpio_driver.o
 .data          0x0000000000000000        0x0 Inc/Stm32_F103C6_gpio_driver.o
 .bss           0x0000000000000000        0x0 Inc/Stm32_F103C6_gpio_driver.o
 .text.MCAL_GPIO_DeInit
                0x0000000000000000       0xd4 Inc/Stm32_F103C6_gpio_driver.o
 .text.MCAL_GPIO_ReadPin
                0x0000000000000000       0x2e Inc/Stm32_F103C6_gpio_driver.o
 .text.MCAL_GPIO_ReadPort
                0x0000000000000000       0x1a Inc/Stm32_F103C6_gpio_driver.o
 .text.MCAL_GPIO_WritePin
                0x0000000000000000       0x2e Inc/Stm32_F103C6_gpio_driver.o
 .text.MCAL_GPIO_WritePort
                0x0000000000000000       0x1c Inc/Stm32_F103C6_gpio_driver.o
 .text.MCAL_GPIO_TogglePin
                0x0000000000000000       0x22 Inc/Stm32_F103C6_gpio_driver.o
 .text.MCAL_GPIO_LockPin
                0x0000000000000000       0x4e Inc/Stm32_F103C6_gpio_driver.o
 .debug_macro   0x0000000000000000      0xa60 Inc/Stm32_F103C6_gpio_driver.o
 .debug_macro   0x0000000000000000       0x18 Inc/Stm32_F103C6_gpio_driver.o
 .debug_macro   0x0000000000000000       0x22 Inc/Stm32_F103C6_gpio_driver.o
 .debug_macro   0x0000000000000000       0x40 Inc/Stm32_F103C6_gpio_driver.o
 .debug_macro   0x0000000000000000       0x94 Inc/Stm32_F103C6_gpio_driver.o
 .debug_macro   0x0000000000000000       0x3c Inc/Stm32_F103C6_gpio_driver.o
 .debug_macro   0x0000000000000000       0x34 Inc/Stm32_F103C6_gpio_driver.o
 .debug_macro   0x0000000000000000       0x16 Inc/Stm32_F103C6_gpio_driver.o
 .debug_macro   0x0000000000000000      0x10e Inc/Stm32_F103C6_gpio_driver.o
 .debug_macro   0x0000000000000000       0x8d Inc/Stm32_F103C6_gpio_driver.o
 .debug_macro   0x0000000000000000       0x57 Inc/Stm32_F103C6_gpio_driver.o
 .debug_macro   0x0000000000000000       0x52 Inc/Stm32_F103C6_gpio_driver.o
 .debug_macro   0x0000000000000000       0x1f Inc/Stm32_F103C6_gpio_driver.o
 .debug_macro   0x0000000000000000       0x43 Inc/Stm32_F103C6_gpio_driver.o
 .debug_macro   0x0000000000000000       0x20 Inc/Stm32_F103C6_gpio_driver.o
 .debug_macro   0x0000000000000000      0x1a3 Inc/Stm32_F103C6_gpio_driver.o
 .debug_macro   0x0000000000000000      0x330 Inc/Stm32_F103C6_gpio_driver.o
 .debug_macro   0x0000000000000000       0x16 Inc/Stm32_F103C6_gpio_driver.o
 .debug_macro   0x0000000000000000       0x29 Inc/Stm32_F103C6_gpio_driver.o
 .debug_macro   0x0000000000000000       0xef Inc/Stm32_F103C6_gpio_driver.o
 .debug_macro   0x0000000000000000       0x6a Inc/Stm32_F103C6_gpio_driver.o
 .debug_macro   0x0000000000000000      0x1df Inc/Stm32_F103C6_gpio_driver.o
 .debug_macro   0x0000000000000000      0x240 Inc/Stm32_F103C6_gpio_driver.o
 .group         0x0000000000000000        0xc Inc/keypad.o
 .group         0x0000000000000000        0xc Inc/keypad.o
 .group         0x0000000000000000        0xc Inc/keypad.o
 .group         0x0000000000000000        0xc Inc/keypad.o
 .group         0x0000000000000000        0xc Inc/keypad.o
 .group         0x0000000000000000        0xc Inc/keypad.o
 .group         0x0000000000000000        0xc Inc/keypad.o
 .group         0x0000000000000000        0xc Inc/keypad.o
 .group         0x0000000000000000        0xc Inc/keypad.o
 .group         0x0000000000000000        0xc Inc/keypad.o
 .group         0x0000000000000000        0xc Inc/keypad.o
 .group         0x0000000000000000        0xc Inc/keypad.o
 .group         0x0000000000000000        0xc Inc/keypad.o
 .group         0x0000000000000000        0xc Inc/keypad.o
 .group         0x0000000000000000        0xc Inc/keypad.o
 .group         0x0000000000000000        0xc Inc/keypad.o
 .group         0x0000000000000000        0xc Inc/keypad.o
 .group         0x0000000000000000        0xc Inc/keypad.o
 .group         0x0000000000000000        0xc Inc/keypad.o
 .group         0x0000000000000000        0xc Inc/keypad.o
 .group         0x0000000000000000        0xc Inc/keypad.o
 .group         0x0000000000000000        0xc Inc/keypad.o
 .group         0x0000000000000000        0xc Inc/keypad.o
 .group         0x0000000000000000        0xc Inc/keypad.o
 .group         0x0000000000000000        0xc Inc/keypad.o
 .text          0x0000000000000000        0x0 Inc/keypad.o
 .data          0x0000000000000000        0x0 Inc/keypad.o
 .bss           0x0000000000000000        0x0 Inc/keypad.o
 .data.Key_padRow
                0x0000000000000000        0x8 Inc/keypad.o
 .data.Key_padCol
                0x0000000000000000        0x8 Inc/keypad.o
 .text.delay_mss
                0x0000000000000000       0x38 Inc/keypad.o
 .text.Keypad_init
                0x0000000000000000       0xc4 Inc/keypad.o
 .text.Keypad_getkey
                0x0000000000000000      0x178 Inc/keypad.o
 .debug_info    0x0000000000000000      0xb48 Inc/keypad.o
 .debug_abbrev  0x0000000000000000      0x1de Inc/keypad.o
 .debug_loc     0x0000000000000000       0xfc Inc/keypad.o
 .debug_aranges
                0x0000000000000000       0x30 Inc/keypad.o
 .debug_ranges  0x0000000000000000       0x20 Inc/keypad.o
 .debug_macro   0x0000000000000000      0x148 Inc/keypad.o
 .debug_macro   0x0000000000000000      0xa60 Inc/keypad.o
 .debug_macro   0x0000000000000000       0x18 Inc/keypad.o
 .debug_macro   0x0000000000000000       0x22 Inc/keypad.o
 .debug_macro   0x0000000000000000       0x40 Inc/keypad.o
 .debug_macro   0x0000000000000000       0x94 Inc/keypad.o
 .debug_macro   0x0000000000000000       0x3c Inc/keypad.o
 .debug_macro   0x0000000000000000       0x34 Inc/keypad.o
 .debug_macro   0x0000000000000000       0x16 Inc/keypad.o
 .debug_macro   0x0000000000000000      0x10e Inc/keypad.o
 .debug_macro   0x0000000000000000       0x8d Inc/keypad.o
 .debug_macro   0x0000000000000000       0x57 Inc/keypad.o
 .debug_macro   0x0000000000000000       0x52 Inc/keypad.o
 .debug_macro   0x0000000000000000       0x1f Inc/keypad.o
 .debug_macro   0x0000000000000000       0x43 Inc/keypad.o
 .debug_macro   0x0000000000000000       0x20 Inc/keypad.o
 .debug_macro   0x0000000000000000      0x1a3 Inc/keypad.o
 .debug_macro   0x0000000000000000      0x330 Inc/keypad.o
 .debug_macro   0x0000000000000000       0x16 Inc/keypad.o
 .debug_macro   0x0000000000000000       0x29 Inc/keypad.o
 .debug_macro   0x0000000000000000       0xef Inc/keypad.o
 .debug_macro   0x0000000000000000       0x6a Inc/keypad.o
 .debug_macro   0x0000000000000000      0x1df Inc/keypad.o
 .debug_macro   0x0000000000000000      0x240 Inc/keypad.o
 .debug_macro   0x0000000000000000       0xd6 Inc/keypad.o
 .debug_macro   0x0000000000000000       0x46 Inc/keypad.o
 .debug_line    0x0000000000000000      0x5c3 Inc/keypad.o
 .debug_str     0x0000000000000000     0x8069 Inc/keypad.o
 .comment       0x0000000000000000       0x7c Inc/keypad.o
 .debug_frame   0x0000000000000000       0x80 Inc/keypad.o
 .ARM.attributes
                0x0000000000000000       0x33 Inc/keypad.o
 .group         0x0000000000000000        0xc Inc/lcd.o
 .group         0x0000000000000000        0xc Inc/lcd.o
 .group         0x0000000000000000        0xc Inc/lcd.o
 .group         0x0000000000000000        0xc Inc/lcd.o
 .group         0x0000000000000000        0xc Inc/lcd.o
 .group         0x0000000000000000        0xc Inc/lcd.o
 .group         0x0000000000000000        0xc Inc/lcd.o
 .group         0x0000000000000000        0xc Inc/lcd.o
 .group         0x0000000000000000        0xc Inc/lcd.o
 .group         0x0000000000000000        0xc Inc/lcd.o
 .group         0x0000000000000000        0xc Inc/lcd.o
 .group         0x0000000000000000        0xc Inc/lcd.o
 .group         0x0000000000000000        0xc Inc/lcd.o
 .group         0x0000000000000000        0xc Inc/lcd.o
 .group         0x0000000000000000        0xc Inc/lcd.o
 .group         0x0000000000000000        0xc Inc/lcd.o
 .group         0x0000000000000000        0xc Inc/lcd.o
 .group         0x0000000000000000        0xc Inc/lcd.o
 .group         0x0000000000000000        0xc Inc/lcd.o
 .group         0x0000000000000000        0xc Inc/lcd.o
 .group         0x0000000000000000        0xc Inc/lcd.o
 .group         0x0000000000000000        0xc Inc/lcd.o
 .group         0x0000000000000000        0xc Inc/lcd.o
 .group         0x0000000000000000        0xc Inc/lcd.o
 .group         0x0000000000000000        0xc Inc/lcd.o
 .group         0x0000000000000000        0xc Inc/lcd.o
 .text          0x0000000000000000        0x0 Inc/lcd.o
 .data          0x0000000000000000        0x0 Inc/lcd.o
 .bss           0x0000000000000000        0x0 Inc/lcd.o
 .text.delay_ms
                0x0000000000000000       0x38 Inc/lcd.o
 .text.LCD_GPIO_init
                0x0000000000000000      0x158 Inc/lcd.o
 .text.LCD_clear_screen
                0x0000000000000000        0xe Inc/lcd.o
 .text.LCD_lcd_kick
                0x0000000000000000       0x2c Inc/lcd.o
 .text.LCD_GOTO_XY
                0x0000000000000000       0x48 Inc/lcd.o
 .text.LCD_INIT
                0x0000000000000000       0x34 Inc/lcd.o
 .text.LCD_check_lcd_isbusy
                0x0000000000000000       0xd8 Inc/lcd.o
 .text.LCD_WRITE_COMMAND
                0x0000000000000000       0x44 Inc/lcd.o
 .text.LCD_WRITE_CHAR
                0x0000000000000000       0x44 Inc/lcd.o
 .text.LCD_WRITE_STRING
                0x0000000000000000       0x58 Inc/lcd.o
 .debug_info    0x0000000000000000      0xbf3 Inc/lcd.o
 .debug_abbrev  0x0000000000000000      0x1f4 Inc/lcd.o
 .debug_loc     0x0000000000000000      0x278 Inc/lcd.o
 .debug_aranges
                0x0000000000000000       0x68 Inc/lcd.o
 .debug_ranges  0x0000000000000000       0x58 Inc/lcd.o
 .debug_macro   0x0000000000000000      0x147 Inc/lcd.o
 .debug_macro   0x0000000000000000      0xa60 Inc/lcd.o
 .debug_macro   0x0000000000000000       0x10 Inc/lcd.o
 .debug_macro   0x0000000000000000       0x18 Inc/lcd.o
 .debug_macro   0x0000000000000000       0x22 Inc/lcd.o
 .debug_macro   0x0000000000000000       0x40 Inc/lcd.o
 .debug_macro   0x0000000000000000       0x94 Inc/lcd.o
 .debug_macro   0x0000000000000000       0x3c Inc/lcd.o
 .debug_macro   0x0000000000000000       0x34 Inc/lcd.o
 .debug_macro   0x0000000000000000       0x16 Inc/lcd.o
 .debug_macro   0x0000000000000000      0x10e Inc/lcd.o
 .debug_macro   0x0000000000000000       0x8d Inc/lcd.o
 .debug_macro   0x0000000000000000       0x57 Inc/lcd.o
 .debug_macro   0x0000000000000000       0x52 Inc/lcd.o
 .debug_macro   0x0000000000000000       0x1f Inc/lcd.o
 .debug_macro   0x0000000000000000       0x43 Inc/lcd.o
 .debug_macro   0x0000000000000000       0x20 Inc/lcd.o
 .debug_macro   0x0000000000000000      0x1a3 Inc/lcd.o
 .debug_macro   0x0000000000000000      0x330 Inc/lcd.o
 .debug_macro   0x0000000000000000       0x16 Inc/lcd.o
 .debug_macro   0x0000000000000000       0x29 Inc/lcd.o
 .debug_macro   0x0000000000000000       0xef Inc/lcd.o
 .debug_macro   0x0000000000000000       0x6a Inc/lcd.o
 .debug_macro   0x0000000000000000      0x1df Inc/lcd.o
 .debug_macro   0x0000000000000000      0x240 Inc/lcd.o
 .debug_macro   0x0000000000000000       0xd6 Inc/lcd.o
 .debug_macro   0x0000000000000000       0x94 Inc/lcd.o
 .debug_line    0x0000000000000000      0x62e Inc/lcd.o
 .debug_str     0x0000000000000000     0x82b2 Inc/lcd.o
 .comment       0x0000000000000000       0x7c Inc/lcd.o
 .debug_frame   0x0000000000000000      0x154 Inc/lcd.o
 .ARM.attributes
                0x0000000000000000       0x33 Inc/lcd.o
 COMMON         0x0000000000000000        0x4 Inc/lcd.o
 .group         0x0000000000000000        0xc Inc/rcc.o
 .group         0x0000000000000000        0xc Inc/rcc.o
 .group         0x0000000000000000        0xc Inc/rcc.o
 .group         0x0000000000000000        0xc Inc/rcc.o
 .group         0x0000000000000000        0xc Inc/rcc.o
 .group         0x0000000000000000        0xc Inc/rcc.o
 .group         0x0000000000000000        0xc Inc/rcc.o
 .group         0x0000000000000000        0xc Inc/rcc.o
 .group         0x0000000000000000        0xc Inc/rcc.o
 .group         0x0000000000000000        0xc Inc/rcc.o
 .group         0x0000000000000000        0xc Inc/rcc.o
 .group         0x0000000000000000        0xc Inc/rcc.o
 .group         0x0000000000000000        0xc Inc/rcc.o
 .group         0x0000000000000000        0xc Inc/rcc.o
 .group         0x0000000000000000        0xc Inc/rcc.o
 .group         0x0000000000000000        0xc Inc/rcc.o
 .group         0x0000000000000000        0xc Inc/rcc.o
 .group         0x0000000000000000        0xc Inc/rcc.o
 .group         0x0000000000000000        0xc Inc/rcc.o
 .group         0x0000000000000000        0xc Inc/rcc.o
 .group         0x0000000000000000        0xc Inc/rcc.o
 .group         0x0000000000000000        0xc Inc/rcc.o
 .group         0x0000000000000000        0xc Inc/rcc.o
 .group         0x0000000000000000        0xc Inc/rcc.o
 .text          0x0000000000000000        0x0 Inc/rcc.o
 .data          0x0000000000000000        0x0 Inc/rcc.o
 .bss           0x0000000000000000        0x0 Inc/rcc.o
 .debug_macro   0x0000000000000000      0xa60 Inc/rcc.o
 .debug_macro   0x0000000000000000       0x18 Inc/rcc.o
 .debug_macro   0x0000000000000000       0x22 Inc/rcc.o
 .debug_macro   0x0000000000000000       0x40 Inc/rcc.o
 .debug_macro   0x0000000000000000       0x94 Inc/rcc.o
 .debug_macro   0x0000000000000000       0x3c Inc/rcc.o
 .debug_macro   0x0000000000000000       0x34 Inc/rcc.o
 .debug_macro   0x0000000000000000       0x16 Inc/rcc.o
 .debug_macro   0x0000000000000000      0x10e Inc/rcc.o
 .debug_macro   0x0000000000000000       0x8d Inc/rcc.o
 .debug_macro   0x0000000000000000       0x57 Inc/rcc.o
 .debug_macro   0x0000000000000000       0x52 Inc/rcc.o
 .debug_macro   0x0000000000000000       0x1f Inc/rcc.o
 .debug_macro   0x0000000000000000       0x43 Inc/rcc.o
 .debug_macro   0x0000000000000000       0x20 Inc/rcc.o
 .debug_macro   0x0000000000000000      0x1a3 Inc/rcc.o
 .debug_macro   0x0000000000000000      0x330 Inc/rcc.o
 .debug_macro   0x0000000000000000       0x16 Inc/rcc.o
 .debug_macro   0x0000000000000000       0x29 Inc/rcc.o
 .debug_macro   0x0000000000000000       0xef Inc/rcc.o
 .debug_macro   0x0000000000000000       0x6a Inc/rcc.o
 .debug_macro   0x0000000000000000      0x1df Inc/rcc.o
 .debug_macro   0x0000000000000000      0x240 Inc/rcc.o
 .group         0x0000000000000000        0xc Inc/usart.o
 .group         0x0000000000000000        0xc Inc/usart.o
 .group         0x0000000000000000        0xc Inc/usart.o
 .group         0x0000000000000000        0xc Inc/usart.o
 .group         0x0000000000000000        0xc Inc/usart.o
 .group         0x0000000000000000        0xc Inc/usart.o
 .group         0x0000000000000000        0xc Inc/usart.o
 .group         0x0000000000000000        0xc Inc/usart.o
 .group         0x0000000000000000        0xc Inc/usart.o
 .group         0x0000000000000000        0xc Inc/usart.o
 .group         0x0000000000000000        0xc Inc/usart.o
 .group         0x0000000000000000        0xc Inc/usart.o
 .group         0x0000000000000000        0xc Inc/usart.o
 .group         0x0000000000000000        0xc Inc/usart.o
 .group         0x0000000000000000        0xc Inc/usart.o
 .group         0x0000000000000000        0xc Inc/usart.o
 .group         0x0000000000000000        0xc Inc/usart.o
 .group         0x0000000000000000        0xc Inc/usart.o
 .group         0x0000000000000000        0xc Inc/usart.o
 .group         0x0000000000000000        0xc Inc/usart.o
 .group         0x0000000000000000        0xc Inc/usart.o
 .group         0x0000000000000000        0xc Inc/usart.o
 .group         0x0000000000000000        0xc Inc/usart.o
 .group         0x0000000000000000        0xc Inc/usart.o
 .group         0x0000000000000000        0xc Inc/usart.o
 .group         0x0000000000000000        0xc Inc/usart.o
 .text          0x0000000000000000        0x0 Inc/usart.o
 .data          0x0000000000000000        0x0 Inc/usart.o
 .bss           0x0000000000000000        0x0 Inc/usart.o
 .text.MCAL_UART_DeInit
                0x0000000000000000       0x8c Inc/usart.o
 .text.MCAL_UART_TC
                0x0000000000000000       0x20 Inc/usart.o
 .debug_macro   0x0000000000000000      0xa60 Inc/usart.o
 .debug_macro   0x0000000000000000       0x18 Inc/usart.o
 .debug_macro   0x0000000000000000       0x22 Inc/usart.o
 .debug_macro   0x0000000000000000       0x40 Inc/usart.o
 .debug_macro   0x0000000000000000       0x94 Inc/usart.o
 .debug_macro   0x0000000000000000       0x3c Inc/usart.o
 .debug_macro   0x0000000000000000       0x34 Inc/usart.o
 .debug_macro   0x0000000000000000       0x16 Inc/usart.o
 .debug_macro   0x0000000000000000      0x10e Inc/usart.o
 .debug_macro   0x0000000000000000       0x8d Inc/usart.o
 .debug_macro   0x0000000000000000       0x57 Inc/usart.o
 .debug_macro   0x0000000000000000       0x52 Inc/usart.o
 .debug_macro   0x0000000000000000       0x1f Inc/usart.o
 .debug_macro   0x0000000000000000       0x43 Inc/usart.o
 .debug_macro   0x0000000000000000       0x20 Inc/usart.o
 .debug_macro   0x0000000000000000      0x1a3 Inc/usart.o
 .debug_macro   0x0000000000000000      0x330 Inc/usart.o
 .debug_macro   0x0000000000000000       0x16 Inc/usart.o
 .debug_macro   0x0000000000000000       0x29 Inc/usart.o
 .debug_macro   0x0000000000000000       0xef Inc/usart.o
 .debug_macro   0x0000000000000000       0x6a Inc/usart.o
 .debug_macro   0x0000000000000000      0x1df Inc/usart.o
 .debug_macro   0x0000000000000000      0x240 Inc/usart.o
 .debug_macro   0x0000000000000000       0xd6 Inc/usart.o
 .group         0x0000000000000000        0xc Src/main.o
 .group         0x0000000000000000        0xc Src/main.o
 .group         0x0000000000000000        0xc Src/main.o
 .group         0x0000000000000000        0xc Src/main.o
 .group         0x0000000000000000        0xc Src/main.o
 .group         0x0000000000000000        0xc Src/main.o
 .group         0x0000000000000000        0xc Src/main.o
 .group         0x0000000000000000        0xc Src/main.o
 .group         0x0000000000000000        0xc Src/main.o
 .group         0x0000000000000000        0xc Src/main.o
 .group         0x0000000000000000        0xc Src/main.o
 .group         0x0000000000000000        0xc Src/main.o
 .group         0x0000000000000000        0xc Src/main.o
 .group         0x0000000000000000        0xc Src/main.o
 .group         0x0000000000000000        0xc Src/main.o
 .group         0x0000000000000000        0xc Src/main.o
 .group         0x0000000000000000        0xc Src/main.o
 .group         0x0000000000000000        0xc Src/main.o
 .group         0x0000000000000000        0xc Src/main.o
 .group         0x0000000000000000        0xc Src/main.o
 .group         0x0000000000000000        0xc Src/main.o
 .group         0x0000000000000000        0xc Src/main.o
 .group         0x0000000000000000        0xc Src/main.o
 .group         0x0000000000000000        0xc Src/main.o
 .group         0x0000000000000000        0xc Src/main.o
 .group         0x0000000000000000        0xc Src/main.o
 .group         0x0000000000000000        0xc Src/main.o
 .group         0x0000000000000000        0xc Src/main.o
 .group         0x0000000000000000        0xc Src/main.o
 .text          0x0000000000000000        0x0 Src/main.o
 .data          0x0000000000000000        0x0 Src/main.o
 .bss           0x0000000000000000        0x0 Src/main.o
 .text.wait     0x0000000000000000       0x38 Src/main.o
 .debug_macro   0x0000000000000000      0xa60 Src/main.o
 .debug_macro   0x0000000000000000       0x18 Src/main.o
 .debug_macro   0x0000000000000000       0x22 Src/main.o
 .debug_macro   0x0000000000000000       0x40 Src/main.o
 .debug_macro   0x0000000000000000       0x94 Src/main.o
 .debug_macro   0x0000000000000000       0x3c Src/main.o
 .debug_macro   0x0000000000000000       0x34 Src/main.o
 .debug_macro   0x0000000000000000       0x16 Src/main.o
 .debug_macro   0x0000000000000000      0x10e Src/main.o
 .debug_macro   0x0000000000000000       0x8d Src/main.o
 .debug_macro   0x0000000000000000       0x57 Src/main.o
 .debug_macro   0x0000000000000000       0x52 Src/main.o
 .debug_macro   0x0000000000000000       0x1f Src/main.o
 .debug_macro   0x0000000000000000       0x43 Src/main.o
 .debug_macro   0x0000000000000000       0x20 Src/main.o
 .debug_macro   0x0000000000000000      0x1a3 Src/main.o
 .debug_macro   0x0000000000000000      0x330 Src/main.o
 .debug_macro   0x0000000000000000       0x16 Src/main.o
 .debug_macro   0x0000000000000000       0x29 Src/main.o
 .debug_macro   0x0000000000000000       0xef Src/main.o
 .debug_macro   0x0000000000000000       0x6a Src/main.o
 .debug_macro   0x0000000000000000      0x1df Src/main.o
 .debug_macro   0x0000000000000000      0x240 Src/main.o
 .debug_macro   0x0000000000000000       0xd0 Src/main.o
 .debug_macro   0x0000000000000000       0x46 Src/main.o
 .debug_macro   0x0000000000000000       0x16 Src/main.o
 .debug_macro   0x0000000000000000       0xee Src/main.o
 .group         0x0000000000000000        0xc Src/syscalls.o
 .group         0x0000000000000000        0xc Src/syscalls.o
 .group         0x0000000000000000        0xc Src/syscalls.o
 .group         0x0000000000000000        0xc Src/syscalls.o
 .group         0x0000000000000000        0xc Src/syscalls.o
 .group         0x0000000000000000        0xc Src/syscalls.o
 .group         0x0000000000000000        0xc Src/syscalls.o
 .group         0x0000000000000000        0xc Src/syscalls.o
 .group         0x0000000000000000        0xc Src/syscalls.o
 .group         0x0000000000000000        0xc Src/syscalls.o
 .group         0x0000000000000000        0xc Src/syscalls.o
 .group         0x0000000000000000        0xc Src/syscalls.o
 .group         0x0000000000000000        0xc Src/syscalls.o
 .group         0x0000000000000000        0xc Src/syscalls.o
 .group         0x0000000000000000        0xc Src/syscalls.o
 .group         0x0000000000000000        0xc Src/syscalls.o
 .group         0x0000000000000000        0xc Src/syscalls.o
 .group         0x0000000000000000        0xc Src/syscalls.o
 .group         0x0000000000000000        0xc Src/syscalls.o
 .group         0x0000000000000000        0xc Src/syscalls.o
 .group         0x0000000000000000        0xc Src/syscalls.o
 .group         0x0000000000000000        0xc Src/syscalls.o
 .group         0x0000000000000000        0xc Src/syscalls.o
 .group         0x0000000000000000        0xc Src/syscalls.o
 .group         0x0000000000000000        0xc Src/syscalls.o
 .group         0x0000000000000000        0xc Src/syscalls.o
 .group         0x0000000000000000        0xc Src/syscalls.o
 .group         0x0000000000000000        0xc Src/syscalls.o
 .group         0x0000000000000000        0xc Src/syscalls.o
 .group         0x0000000000000000        0xc Src/syscalls.o
 .group         0x0000000000000000        0xc Src/syscalls.o
 .group         0x0000000000000000        0xc Src/syscalls.o
 .group         0x0000000000000000        0xc Src/syscalls.o
 .group         0x0000000000000000        0xc Src/syscalls.o
 .group         0x0000000000000000        0xc Src/syscalls.o
 .group         0x0000000000000000        0xc Src/syscalls.o
 .group         0x0000000000000000        0xc Src/syscalls.o
 .group         0x0000000000000000        0xc Src/syscalls.o
 .group         0x0000000000000000        0xc Src/syscalls.o
 .group         0x0000000000000000        0xc Src/syscalls.o
 .group         0x0000000000000000        0xc Src/syscalls.o
 .group         0x0000000000000000        0xc Src/syscalls.o
 .group         0x0000000000000000        0xc Src/syscalls.o
 .group         0x0000000000000000        0xc Src/syscalls.o
 .text          0x0000000000000000        0x0 Src/syscalls.o
 .data          0x0000000000000000        0x0 Src/syscalls.o
 .bss           0x0000000000000000        0x0 Src/syscalls.o
 .bss.__env     0x0000000000000000        0x4 Src/syscalls.o
 .data.environ  0x0000000000000000        0x4 Src/syscalls.o
 .text.initialise_monitor_handles
                0x0000000000000000        0xc Src/syscalls.o
 .text._getpid  0x0000000000000000        0xe Src/syscalls.o
 .text._kill    0x0000000000000000       0x20 Src/syscalls.o
 .text._exit    0x0000000000000000       0x14 Src/syscalls.o
 .text._read    0x0000000000000000       0x3a Src/syscalls.o
 .text._write   0x0000000000000000       0x38 Src/syscalls.o
 .text._close   0x0000000000000000       0x16 Src/syscalls.o
 .text._fstat   0x0000000000000000       0x1e Src/syscalls.o
 .text._isatty  0x0000000000000000       0x14 Src/syscalls.o
 .text._lseek   0x0000000000000000       0x18 Src/syscalls.o
 .text._open    0x0000000000000000       0x1a Src/syscalls.o
 .text._wait    0x0000000000000000       0x1e Src/syscalls.o
 .text._unlink  0x0000000000000000       0x1e Src/syscalls.o
 .text._times   0x0000000000000000       0x16 Src/syscalls.o
 .text._stat    0x0000000000000000       0x1e Src/syscalls.o
 .text._link    0x0000000000000000       0x20 Src/syscalls.o
 .text._fork    0x0000000000000000       0x16 Src/syscalls.o
 .text._execve  0x0000000000000000       0x22 Src/syscalls.o
 .debug_info    0x0000000000000000     0x1038 Src/syscalls.o
 .debug_abbrev  0x0000000000000000      0x254 Src/syscalls.o
 .debug_loc     0x0000000000000000      0x5b8 Src/syscalls.o
 .debug_aranges
                0x0000000000000000       0xa8 Src/syscalls.o
 .debug_ranges  0x0000000000000000       0x98 Src/syscalls.o
 .debug_macro   0x0000000000000000      0x243 Src/syscalls.o
 .debug_macro   0x0000000000000000      0xa60 Src/syscalls.o
 .debug_macro   0x0000000000000000       0x22 Src/syscalls.o
 .debug_macro   0x0000000000000000       0x40 Src/syscalls.o
 .debug_macro   0x0000000000000000       0x18 Src/syscalls.o
 .debug_macro   0x0000000000000000       0x94 Src/syscalls.o
 .debug_macro   0x0000000000000000       0x3c Src/syscalls.o
 .debug_macro   0x0000000000000000       0x34 Src/syscalls.o
 .debug_macro   0x0000000000000000       0x57 Src/syscalls.o
 .debug_macro   0x0000000000000000      0x174 Src/syscalls.o
 .debug_macro   0x0000000000000000      0x330 Src/syscalls.o
 .debug_macro   0x0000000000000000       0x52 Src/syscalls.o
 .debug_macro   0x0000000000000000       0x1f Src/syscalls.o
 .debug_macro   0x0000000000000000       0x43 Src/syscalls.o
 .debug_macro   0x0000000000000000       0x20 Src/syscalls.o
 .debug_macro   0x0000000000000000      0x1a3 Src/syscalls.o
 .debug_macro   0x0000000000000000       0x10 Src/syscalls.o
 .debug_macro   0x0000000000000000       0x35 Src/syscalls.o
 .debug_macro   0x0000000000000000       0x10 Src/syscalls.o
 .debug_macro   0x0000000000000000       0x10 Src/syscalls.o
 .debug_macro   0x0000000000000000       0x10 Src/syscalls.o
 .debug_macro   0x0000000000000000       0x6a Src/syscalls.o
 .debug_macro   0x0000000000000000       0x1c Src/syscalls.o
 .debug_macro   0x0000000000000000       0x52 Src/syscalls.o
 .debug_macro   0x0000000000000000       0x40 Src/syscalls.o
 .debug_macro   0x0000000000000000       0x10 Src/syscalls.o
 .debug_macro   0x0000000000000000       0x40 Src/syscalls.o
 .debug_macro   0x0000000000000000       0xd7 Src/syscalls.o
 .debug_macro   0x0000000000000000       0x1c Src/syscalls.o
 .debug_macro   0x0000000000000000       0x3d Src/syscalls.o
 .debug_macro   0x0000000000000000       0x35 Src/syscalls.o
 .debug_macro   0x0000000000000000      0x122 Src/syscalls.o
 .debug_macro   0x0000000000000000       0x16 Src/syscalls.o
 .debug_macro   0x0000000000000000       0x16 Src/syscalls.o
 .debug_macro   0x0000000000000000       0x29 Src/syscalls.o
 .debug_macro   0x0000000000000000       0x10 Src/syscalls.o
 .debug_macro   0x0000000000000000      0x241 Src/syscalls.o
 .debug_macro   0x0000000000000000       0x1c Src/syscalls.o
 .debug_macro   0x0000000000000000       0x10 Src/syscalls.o
 .debug_macro   0x0000000000000000       0x10 Src/syscalls.o
 .debug_macro   0x0000000000000000       0x16 Src/syscalls.o
 .debug_macro   0x0000000000000000      0x145 Src/syscalls.o
 .debug_macro   0x0000000000000000      0x189 Src/syscalls.o
 .debug_macro   0x0000000000000000       0x16 Src/syscalls.o
 .debug_macro   0x0000000000000000       0x88 Src/syscalls.o
 .debug_line    0x0000000000000000      0x739 Src/syscalls.o
 .debug_str     0x0000000000000000     0x8875 Src/syscalls.o
 .comment       0x0000000000000000       0x7c Src/syscalls.o
 .debug_frame   0x0000000000000000      0x2ac Src/syscalls.o
 .ARM.attributes
                0x0000000000000000       0x33 Src/syscalls.o
 .group         0x0000000000000000        0xc Src/sysmem.o
 .group         0x0000000000000000        0xc Src/sysmem.o
 .group         0x0000000000000000        0xc Src/sysmem.o
 .group         0x0000000000000000        0xc Src/sysmem.o
 .group         0x0000000000000000        0xc Src/sysmem.o
 .group         0x0000000000000000        0xc Src/sysmem.o
 .group         0x0000000000000000        0xc Src/sysmem.o
 .group         0x0000000000000000        0xc Src/sysmem.o
 .group         0x0000000000000000        0xc Src/sysmem.o
 .group         0x0000000000000000        0xc Src/sysmem.o
 .group         0x0000000000000000        0xc Src/sysmem.o
 .group         0x0000000000000000        0xc Src/sysmem.o
 .group         0x0000000000000000        0xc Src/sysmem.o
 .group         0x0000000000000000        0xc Src/sysmem.o
 .group         0x0000000000000000        0xc Src/sysmem.o
 .group         0x0000000000000000        0xc Src/sysmem.o
 .group         0x0000000000000000        0xc Src/sysmem.o
 .group         0x0000000000000000        0xc Src/sysmem.o
 .group         0x0000000000000000        0xc Src/sysmem.o
 .text          0x0000000000000000        0x0 Src/sysmem.o
 .data          0x0000000000000000        0x0 Src/sysmem.o
 .bss           0x0000000000000000        0x0 Src/sysmem.o
 .bss.__sbrk_heap_end
                0x0000000000000000        0x4 Src/sysmem.o
 .text._sbrk    0x0000000000000000       0x6c Src/sysmem.o
 .debug_info    0x0000000000000000      0xa7c Src/sysmem.o
 .debug_abbrev  0x0000000000000000      0x18e Src/sysmem.o
 .debug_loc     0x0000000000000000       0x50 Src/sysmem.o
 .debug_aranges
                0x0000000000000000       0x20 Src/sysmem.o
 .debug_ranges  0x0000000000000000       0x10 Src/sysmem.o
 .debug_macro   0x0000000000000000       0xee Src/sysmem.o
 .debug_macro   0x0000000000000000      0xa60 Src/sysmem.o
 .debug_macro   0x0000000000000000       0x10 Src/sysmem.o
 .debug_macro   0x0000000000000000       0x22 Src/sysmem.o
 .debug_macro   0x0000000000000000       0x40 Src/sysmem.o
 .debug_macro   0x0000000000000000       0x18 Src/sysmem.o
 .debug_macro   0x0000000000000000       0x94 Src/sysmem.o
 .debug_macro   0x0000000000000000       0x3c Src/sysmem.o
 .debug_macro   0x0000000000000000       0x34 Src/sysmem.o
 .debug_macro   0x0000000000000000      0x174 Src/sysmem.o
 .debug_macro   0x0000000000000000       0x57 Src/sysmem.o
 .debug_macro   0x0000000000000000       0x52 Src/sysmem.o
 .debug_macro   0x0000000000000000       0x1f Src/sysmem.o
 .debug_macro   0x0000000000000000       0x43 Src/sysmem.o
 .debug_macro   0x0000000000000000       0x20 Src/sysmem.o
 .debug_macro   0x0000000000000000      0x1a3 Src/sysmem.o
 .debug_macro   0x0000000000000000      0x23b Src/sysmem.o
 .debug_macro   0x0000000000000000       0xef Src/sysmem.o
 .debug_macro   0x0000000000000000       0x6a Src/sysmem.o
 .debug_macro   0x0000000000000000      0x1df Src/sysmem.o
 .debug_line    0x0000000000000000      0x4c2 Src/sysmem.o
 .debug_str     0x0000000000000000     0x5f43 Src/sysmem.o
 .comment       0x0000000000000000       0x7c Src/sysmem.o
 .debug_frame   0x0000000000000000       0x34 Src/sysmem.o
 .ARM.attributes
                0x0000000000000000       0x33 Src/sysmem.o
 .text          0x0000000000000000       0x14 Startup/startup_stm32f103c6tx.o
 .data          0x0000000000000000        0x0 Startup/startup_stm32f103c6tx.o
 .bss           0x0000000000000000        0x0 Startup/startup_stm32f103c6tx.o
 .text          0x0000000000000000        0x0 c:/st/stm32cubeide_1.4.0/stm32cubeide/plugins/com.st.stm32cube.ide.mcu.externaltools.gnu-tools-for-stm32.7-2018-q2-update.win32_1.4.0.202007081208/tools/bin/../lib/gcc/arm-none-eabi/7.3.1/../../../../arm-none-eabi/lib/thumb/v7-m\libc_nano.a(lib_a-errno.o)
 .data          0x0000000000000000        0x0 c:/st/stm32cubeide_1.4.0/stm32cubeide/plugins/com.st.stm32cube.ide.mcu.externaltools.gnu-tools-for-stm32.7-2018-q2-update.win32_1.4.0.202007081208/tools/bin/../lib/gcc/arm-none-eabi/7.3.1/../../../../arm-none-eabi/lib/thumb/v7-m\libc_nano.a(lib_a-errno.o)
 .bss           0x0000000000000000        0x0 c:/st/stm32cubeide_1.4.0/stm32cubeide/plugins/com.st.stm32cube.ide.mcu.externaltools.gnu-tools-for-stm32.7-2018-q2-update.win32_1.4.0.202007081208/tools/bin/../lib/gcc/arm-none-eabi/7.3.1/../../../../arm-none-eabi/lib/thumb/v7-m\libc_nano.a(lib_a-errno.o)
 .text.__errno  0x0000000000000000        0xc c:/st/stm32cubeide_1.4.0/stm32cubeide/plugins/com.st.stm32cube.ide.mcu.externaltools.gnu-tools-for-stm32.7-2018-q2-update.win32_1.4.0.202007081208/tools/bin/../lib/gcc/arm-none-eabi/7.3.1/../../../../arm-none-eabi/lib/thumb/v7-m\libc_nano.a(lib_a-errno.o)
 .debug_frame   0x0000000000000000       0x20 c:/st/stm32cubeide_1.4.0/stm32cubeide/plugins/com.st.stm32cube.ide.mcu.externaltools.gnu-tools-for-stm32.7-2018-q2-update.win32_1.4.0.202007081208/tools/bin/../lib/gcc/arm-none-eabi/7.3.1/../../../../arm-none-eabi/lib/thumb/v7-m\libc_nano.a(lib_a-errno.o)
 .ARM.attributes
                0x0000000000000000       0x2d c:/st/stm32cubeide_1.4.0/stm32cubeide/plugins/com.st.stm32cube.ide.mcu.externaltools.gnu-tools-for-stm32.7-2018-q2-update.win32_1.4.0.202007081208/tools/bin/../lib/gcc/arm-none-eabi/7.3.1/../../../../arm-none-eabi/lib/thumb/v7-m\libc_nano.a(lib_a-errno.o)
 .text          0x0000000000000000        0x0 c:/st/stm32cubeide_1.4.0/stm32cubeide/plugins/com.st.stm32cube.ide.mcu.externaltools.gnu-tools-for-stm32.7-2018-q2-update.win32_1.4.0.202007081208/tools/bin/../lib/gcc/arm-none-eabi/7.3.1/../../../../arm-none-eabi/lib/thumb/v7-m\libc_nano.a(lib_a-exit.o)
 .data          0x0000000000000000        0x0 c:/st/stm32cubeide_1.4.0/stm32cubeide/plugins/com.st.stm32cube.ide.mcu.externaltools.gnu-tools-for-stm32.7-2018-q2-update.win32_1.4.0.202007081208/tools/bin/../lib/gcc/arm-none-eabi/7.3.1/../../../../arm-none-eabi/lib/thumb/v7-m\libc_nano.a(lib_a-exit.o)
 .bss           0x0000000000000000        0x0 c:/st/stm32cubeide_1.4.0/stm32cubeide/plugins/com.st.stm32cube.ide.mcu.externaltools.gnu-tools-for-stm32.7-2018-q2-update.win32_1.4.0.202007081208/tools/bin/../lib/gcc/arm-none-eabi/7.3.1/../../../../arm-none-eabi/lib/thumb/v7-m\libc_nano.a(lib_a-exit.o)
 .text.exit     0x0000000000000000       0x28 c:/st/stm32cubeide_1.4.0/stm32cubeide/plugins/com.st.stm32cube.ide.mcu.externaltools.gnu-tools-for-stm32.7-2018-q2-update.win32_1.4.0.202007081208/tools/bin/../lib/gcc/arm-none-eabi/7.3.1/../../../../arm-none-eabi/lib/thumb/v7-m\libc_nano.a(lib_a-exit.o)
 .debug_frame   0x0000000000000000       0x28 c:/st/stm32cubeide_1.4.0/stm32cubeide/plugins/com.st.stm32cube.ide.mcu.externaltools.gnu-tools-for-stm32.7-2018-q2-update.win32_1.4.0.202007081208/tools/bin/../lib/gcc/arm-none-eabi/7.3.1/../../../../arm-none-eabi/lib/thumb/v7-m\libc_nano.a(lib_a-exit.o)
 .ARM.attributes
                0x0000000000000000       0x2d c:/st/stm32cubeide_1.4.0/stm32cubeide/plugins/com.st.stm32cube.ide.mcu.externaltools.gnu-tools-for-stm32.7-2018-q2-update.win32_1.4.0.202007081208/tools/bin/../lib/gcc/arm-none-eabi/7.3.1/../../../../arm-none-eabi/lib/thumb/v7-m\libc_nano.a(lib_a-exit.o)
 .text          0x0000000000000000        0x0 c:/st/stm32cubeide_1.4.0/stm32cubeide/plugins/com.st.stm32cube.ide.mcu.externaltools.gnu-tools-for-stm32.7-2018-q2-update.win32_1.4.0.202007081208/tools/bin/../lib/gcc/arm-none-eabi/7.3.1/../../../../arm-none-eabi/lib/thumb/v7-m\libc_nano.a(lib_a-impure.o)
 .data          0x0000000000000000        0x0 c:/st/stm32cubeide_1.4.0/stm32cubeide/plugins/com.st.stm32cube.ide.mcu.externaltools.gnu-tools-for-stm32.7-2018-q2-update.win32_1.4.0.202007081208/tools/bin/../lib/gcc/arm-none-eabi/7.3.1/../../../../arm-none-eabi/lib/thumb/v7-m\libc_nano.a(lib_a-impure.o)
 .bss           0x0000000000000000        0x0 c:/st/stm32cubeide_1.4.0/stm32cubeide/plugins/com.st.stm32cube.ide.mcu.externaltools.gnu-tools-for-stm32.7-2018-q2-update.win32_1.4.0.202007081208/tools/bin/../lib/gcc/arm-none-eabi/7.3.1/../../../../arm-none-eabi/lib/thumb/v7-m\libc_nano.a(lib_a-impure.o)
 .data._impure_ptr
                0x0000000000000000        0x4 c:/st/stm32cubeide_1.4.0/stm32cubeide/plugins/com.st.stm32cube.ide.mcu.externaltools.gnu-tools-for-stm32.7-2018-q2-update.win32_1.4.0.202007081208/tools/bin/../lib/gcc/arm-none-eabi/7.3.1/../../../../arm-none-eabi/lib/thumb/v7-m\libc_nano.a(lib_a-impure.o)
 .data.impure_data
                0x0000000000000000       0x60 c:/st/stm32cubeide_1.4.0/stm32cubeide/plugins/com.st.stm32cube.ide.mcu.externaltools.gnu-tools-for-stm32.7-2018-q2-update.win32_1.4.0.202007081208/tools/bin/../lib/gcc/arm-none-eabi/7.3.1/../../../../arm-none-eabi/lib/thumb/v7-m\libc_nano.a(lib_a-impure.o)
 .rodata._global_impure_ptr
                0x0000000000000000        0x4 c:/st/stm32cubeide_1.4.0/stm32cubeide/plugins/com.st.stm32cube.ide.mcu.externaltools.gnu-tools-for-stm32.7-2018-q2-update.win32_1.4.0.202007081208/tools/bin/../lib/gcc/arm-none-eabi/7.3.1/../../../../arm-none-eabi/lib/thumb/v7-m\libc_nano.a(lib_a-impure.o)
 .ARM.attributes
                0x0000000000000000       0x2d c:/st/stm32cubeide_1.4.0/stm32cubeide/plugins/com.st.stm32cube.ide.mcu.externaltools.gnu-tools-for-stm32.7-2018-q2-update.win32_1.4.0.202007081208/tools/bin/../lib/gcc/arm-none-eabi/7.3.1/../../../../arm-none-eabi/lib/thumb/v7-m\libc_nano.a(lib_a-impure.o)
 .text          0x0000000000000000        0x0 c:/st/stm32cubeide_1.4.0/stm32cubeide/plugins/com.st.stm32cube.ide.mcu.externaltools.gnu-tools-for-stm32.7-2018-q2-update.win32_1.4.0.202007081208/tools/bin/../lib/gcc/arm-none-eabi/7.3.1/../../../../arm-none-eabi/lib/thumb/v7-m\libc_nano.a(lib_a-init.o)
 .data          0x0000000000000000        0x0 c:/st/stm32cubeide_1.4.0/stm32cubeide/plugins/com.st.stm32cube.ide.mcu.externaltools.gnu-tools-for-stm32.7-2018-q2-update.win32_1.4.0.202007081208/tools/bin/../lib/gcc/arm-none-eabi/7.3.1/../../../../arm-none-eabi/lib/thumb/v7-m\libc_nano.a(lib_a-init.o)
 .bss           0x0000000000000000        0x0 c:/st/stm32cubeide_1.4.0/stm32cubeide/plugins/com.st.stm32cube.ide.mcu.externaltools.gnu-tools-for-stm32.7-2018-q2-update.win32_1.4.0.202007081208/tools/bin/../lib/gcc/arm-none-eabi/7.3.1/../../../../arm-none-eabi/lib/thumb/v7-m\libc_nano.a(lib_a-init.o)
 .text          0x0000000000000000        0x0 c:/st/stm32cubeide_1.4.0/stm32cubeide/plugins/com.st.stm32cube.ide.mcu.externaltools.gnu-tools-for-stm32.7-2018-q2-update.win32_1.4.0.202007081208/tools/bin/../lib/gcc/arm-none-eabi/7.3.1/../../../../arm-none-eabi/lib/thumb/v7-m\libc_nano.a(lib_a-memset.o)
 .data          0x0000000000000000        0x0 c:/st/stm32cubeide_1.4.0/stm32cubeide/plugins/com.st.stm32cube.ide.mcu.externaltools.gnu-tools-for-stm32.7-2018-q2-update.win32_1.4.0.202007081208/tools/bin/../lib/gcc/arm-none-eabi/7.3.1/../../../../arm-none-eabi/lib/thumb/v7-m\libc_nano.a(lib_a-memset.o)
 .bss           0x0000000000000000        0x0 c:/st/stm32cubeide_1.4.0/stm32cubeide/plugins/com.st.stm32cube.ide.mcu.externaltools.gnu-tools-for-stm32.7-2018-q2-update.win32_1.4.0.202007081208/tools/bin/../lib/gcc/arm-none-eabi/7.3.1/../../../../arm-none-eabi/lib/thumb/v7-m\libc_nano.a(lib_a-memset.o)
 .text.memset   0x0000000000000000       0x10 c:/st/stm32cubeide_1.4.0/stm32cubeide/plugins/com.st.stm32cube.ide.mcu.externaltools.gnu-tools-for-stm32.7-2018-q2-update.win32_1.4.0.202007081208/tools/bin/../lib/gcc/arm-none-eabi/7.3.1/../../../../arm-none-eabi/lib/thumb/v7-m\libc_nano.a(lib_a-memset.o)
 .debug_frame   0x0000000000000000       0x20 c:/st/stm32cubeide_1.4.0/stm32cubeide/plugins/com.st.stm32cube.ide.mcu.externaltools.gnu-tools-for-stm32.7-2018-q2-update.win32_1.4.0.202007081208/tools/bin/../lib/gcc/arm-none-eabi/7.3.1/../../../../arm-none-eabi/lib/thumb/v7-m\libc_nano.a(lib_a-memset.o)
 .ARM.attributes
                0x0000000000000000       0x2d c:/st/stm32cubeide_1.4.0/stm32cubeide/plugins/com.st.stm32cube.ide.mcu.externaltools.gnu-tools-for-stm32.7-2018-q2-update.win32_1.4.0.202007081208/tools/bin/../lib/gcc/arm-none-eabi/7.3.1/../../../../arm-none-eabi/lib/thumb/v7-m\libc_nano.a(lib_a-memset.o)
 .text          0x0000000000000000        0x0 c:/st/stm32cubeide_1.4.0/stm32cubeide/plugins/com.st.stm32cube.ide.mcu.externaltools.gnu-tools-for-stm32.7-2018-q2-update.win32_1.4.0.202007081208/tools/bin/../lib/gcc/arm-none-eabi/7.3.1/thumb/v7-m/crtend.o
 .data          0x0000000000000000        0x0 c:/st/stm32cubeide_1.4.0/stm32cubeide/plugins/com.st.stm32cube.ide.mcu.externaltools.gnu-tools-for-stm32.7-2018-q2-update.win32_1.4.0.202007081208/tools/bin/../lib/gcc/arm-none-eabi/7.3.1/thumb/v7-m/crtend.o
 .bss           0x0000000000000000        0x0 c:/st/stm32cubeide_1.4.0/stm32cubeide/plugins/com.st.stm32cube.ide.mcu.externaltools.gnu-tools-for-stm32.7-2018-q2-update.win32_1.4.0.202007081208/tools/bin/../lib/gcc/arm-none-eabi/7.3.1/thumb/v7-m/crtend.o
 .eh_frame      0x0000000000000000        0x4 c:/st/stm32cubeide_1.4.0/stm32cubeide/plugins/com.st.stm32cube.ide.mcu.externaltools.gnu-tools-for-stm32.7-2018-q2-update.win32_1.4.0.202007081208/tools/bin/../lib/gcc/arm-none-eabi/7.3.1/thumb/v7-m/crtend.o
 .ARM.attributes
                0x0000000000000000       0x2d c:/st/stm32cubeide_1.4.0/stm32cubeide/plugins/com.st.stm32cube.ide.mcu.externaltools.gnu-tools-for-stm32.7-2018-q2-update.win32_1.4.0.202007081208/tools/bin/../lib/gcc/arm-none-eabi/7.3.1/thumb/v7-m/crtend.o
 .text          0x0000000000000000        0x0 c:/st/stm32cubeide_1.4.0/stm32cubeide/plugins/com.st.stm32cube.ide.mcu.externaltools.gnu-tools-for-stm32.7-2018-q2-update.win32_1.4.0.202007081208/tools/bin/../lib/gcc/arm-none-eabi/7.3.1/thumb/v7-m/crtn.o
 .data          0x0000000000000000        0x0 c:/st/stm32cubeide_1.4.0/stm32cubeide/plugins/com.st.stm32cube.ide.mcu.externaltools.gnu-tools-for-stm32.7-2018-q2-update.win32_1.4.0.202007081208/tools/bin/../lib/gcc/arm-none-eabi/7.3.1/thumb/v7-m/crtn.o
 .bss           0x0000000000000000        0x0 c:/st/stm32cubeide_1.4.0/stm32cubeide/plugins/com.st.stm32cube.ide.mcu.externaltools.gnu-tools-for-stm32.7-2018-q2-update.win32_1.4.0.202007081208/tools/bin/../lib/gcc/arm-none-eabi/7.3.1/thumb/v7-m/crtn.o

Memory Configuration

Name             Origin             Length             Attributes
RAM              0x0000000020000000 0x0000000000002800 xrw
ROM              0x0000000008000000 0x0000000000008000 xr
*default*        0x0000000000000000 0xffffffffffffffff

Linker script and memory map

LOAD c:/st/stm32cubeide_1.4.0/stm32cubeide/plugins/com.st.stm32cube.ide.mcu.externaltools.gnu-tools-for-stm32.7-2018-q2-update.win32_1.4.0.202007081208/tools/bin/../lib/gcc/arm-none-eabi/7.3.1/thumb/v7-m/crti.o
LOAD c:/st/stm32cubeide_1.4.0/stm32cubeide/plugins/com.st.stm32cube.ide.mcu.externaltools.gnu-tools-for-stm32.7-2018-q2-update.win32_1.4.0.202007081208/tools/bin/../lib/gcc/arm-none-eabi/7.3.1/thumb/v7-m/crtbegin.o
LOAD c:/st/stm32cubeide_1.4.0/stm32cubeide/plugins/com.st.stm32cube.ide.mcu.externaltools.gnu-tools-for-stm32.7-2018-q2-update.win32_1.4.0.202007081208/tools/bin/../lib/gcc/arm-none-eabi/7.3.1/../../../../arm-none-eabi/lib/thumb/v7-m/crt0.o
LOAD Inc/EXTI.o
LOAD Inc/Stm32_F103C6_gpio_driver.o
LOAD Inc/keypad.o
LOAD Inc/lcd.o
LOAD Inc/rcc.o
LOAD Inc/usart.o
LOAD Src/main.o
LOAD Src/syscalls.o
LOAD Src/sysmem.o
LOAD Startup/startup_stm32f103c6tx.o
START GROUP
LOAD c:/st/stm32cubeide_1.4.0/stm32cubeide/plugins/com.st.stm32cube.ide.mcu.externaltools.gnu-tools-for-stm32.7-2018-q2-update.win32_1.4.0.202007081208/tools/bin/../lib/gcc/arm-none-eabi/7.3.1/../../../../arm-none-eabi/lib/thumb/v7-m\libc_nano.a
LOAD c:/st/stm32cubeide_1.4.0/stm32cubeide/plugins/com.st.stm32cube.ide.mcu.externaltools.gnu-tools-for-stm32.7-2018-q2-update.win32_1.4.0.202007081208/tools/bin/../lib/gcc/arm-none-eabi/7.3.1/../../../../arm-none-eabi/lib/thumb/v7-m\libm.a
END GROUP
START GROUP
LOAD c:/st/stm32cubeide_1.4.0/stm32cubeide/plugins/com.st.stm32cube.ide.mcu.externaltools.gnu-tools-for-stm32.7-2018-q2-update.win32_1.4.0.202007081208/tools/bin/../lib/gcc/arm-none-eabi/7.3.1/thumb/v7-m\libgcc.a
LOAD c:/st/stm32cubeide_1.4.0/stm32cubeide/plugins/com.st.stm32cube.ide.mcu.externaltools.gnu-tools-for-stm32.7-2018-q2-update.win32_1.4.0.202007081208/tools/bin/../lib/gcc/arm-none-eabi/7.3.1/../../../../arm-none-eabi/lib/thumb/v7-m\libg_nano.a
LOAD c:/st/stm32cubeide_1.4.0/stm32cubeide/plugins/com.st.stm32cube.ide.mcu.externaltools.gnu-tools-for-stm32.7-2018-q2-update.win32_1.4.0.202007081208/tools/bin/../lib/gcc/arm-none-eabi/7.3.1/../../../../arm-none-eabi/lib/thumb/v7-m\libc_nano.a
END GROUP
START GROUP
LOAD c:/st/stm32cubeide_1.4.0/stm32cubeide/plugins/com.st.stm32cube.ide.mcu.externaltools.gnu-tools-for-stm32.7-2018-q2-update.win32_1.4.0.202007081208/tools/bin/../lib/gcc/arm-none-eabi/7.3.1/thumb/v7-m\libgcc.a
LOAD c:/st/stm32cubeide_1.4.0/stm32cubeide/plugins/com.st.stm32cube.ide.mcu.externaltools.gnu-tools-for-stm32.7-2018-q2-update.win32_1.4.0.202007081208/tools/bin/../lib/gcc/arm-none-eabi/7.3.1/../../../../arm-none-eabi/lib/thumb/v7-m\libc_nano.a
LOAD c:/st/stm32cubeide_1.4.0/stm32cubeide/plugins/com.st.stm32cube.ide.mcu.externaltools.gnu-tools-for-stm32.7-2018-q2-update.win32_1.4.0.202007081208/tools/bin/../lib/gcc/arm-none-eabi/7.3.1/../../../../arm-none-eabi/lib/thumb/v7-m\libnosys.a
END GROUP
START GROUP
LOAD c:/st/stm32cubeide_1.4.0/stm32cubeide/plugins/com.st.stm32cube.ide.mcu.externaltools.gnu-tools-for-stm32.7-2018-q2-update.win32_1.4.0.202007081208/tools/bin/../lib/gcc/arm-none-eabi/7.3.1/thumb/v7-m\libgcc.a
LOAD c:/st/stm32cubeide_1.4.0/stm32cubeide/plugins/com.st.stm32cube.ide.mcu.externaltools.gnu-tools-for-stm32.7-2018-q2-update.win32_1.4.0.202007081208/tools/bin/../lib/gcc/arm-none-eabi/7.3.1/../../../../arm-none-eabi/lib/thumb/v7-m\libc_nano.a
LOAD c:/st/stm32cubeide_1.4.0/stm32cubeide/plugins/com.st.stm32cube.ide.mcu.externaltools.gnu-tools-for-stm32.7-2018-q2-update.win32_1.4.0.202007081208/tools/bin/../lib/gcc/arm-none-eabi/7.3.1/../../../../arm-none-eabi/lib/thumb/v7-m\libnosys.a
END GROUP
LOAD c:/st/stm32cubeide_1.4.0/stm32cubeide/plugins/com.st.stm32cube.ide.mcu.externaltools.gnu-tools-for-stm32.7-2018-q2-update.win32_1.4.0.202007081208/tools/bin/../lib/gcc/arm-none-eabi/7.3.1/thumb/v7-m/crtend.o
LOAD c:/st/stm32cubeide_1.4.0/stm32cubeide/plugins/com.st.stm32cube.ide.mcu.externaltools.gnu-tools-for-stm32.7-2018-q2-update.win32_1.4.0.202007081208/tools/bin/../lib/gcc/arm-none-eabi/7.3.1/thumb/v7-m/crtn.o
                0x0000000020002800                _estack = (ORIGIN (RAM) + LENGTH (RAM))
                0x0000000000000200                _Min_Heap_Size = 0x200
                0x0000000000000400                _Min_Stack_Size = 0x400

.isr_vector     0x0000000008000000      0x130
                0x0000000008000000                . = ALIGN (0x4)
 *(.isr_vector)
 .isr_vector    0x0000000008000000      0x130 Startup/startup_stm32f103c6tx.o
                0x0000000008000000                g_pfnVectors
                0x0000000008000130                . = ALIGN (0x4)

.text           0x0000000008000130      0xb04
                0x0000000008000130                . = ALIGN (0x4)
 *(.text)
 .text          0x0000000008000130       0x40 c:/st/stm32cubeide_1.4.0/stm32cubeide/plugins/com.st.stm32cube.ide.mcu.externaltools.gnu-tools-for-stm32.7-2018-q2-update.win32_1.4.0.202007081208/tools/bin/../lib/gcc/arm-none-eabi/7.3.1/thumb/v7-m/crtbegin.o
 *(.text*)
 .text.EXTI0_IRQHandler
                0x0000000008000170       0x24 Inc/EXTI.o
                0x0000000008000170                EXTI0_IRQHandler
 .text.EXTI1_IRQHandler
                0x0000000008000194       0x24 Inc/EXTI.o
                0x0000000008000194                EXTI1_IRQHandler
 .text.EXTI2_IRQHandler
                0x00000000080001b8       0x24 Inc/EXTI.o
                0x00000000080001b8                EXTI2_IRQHandler
 .text.EXTI3_IRQHandler
                0x00000000080001dc       0x24 Inc/EXTI.o
                0x00000000080001dc                EXTI3_IRQHandler
 .text.EXTI4_IRQHandler
                0x0000000008000200       0x24 Inc/EXTI.o
                0x0000000008000200                EXTI4_IRQHandler
 .text.EXTI9_5_IRQHandler
                0x0000000008000224       0xa8 Inc/EXTI.o
                0x0000000008000224                EXTI9_5_IRQHandler
 .text.EXTI15_10_IRQHandler
                0x00000000080002cc       0xc4 Inc/EXTI.o
                0x00000000080002cc                EXTI15_10_IRQHandler
 .text.Get_CRLH_Position
                0x0000000008000390       0xc6 Inc/Stm32_F103C6_gpio_driver.o
                0x0000000008000390                Get_CRLH_Position
 .text.MCAL_GPIO_Init
                0x0000000008000456       0xfe Inc/Stm32_F103C6_gpio_driver.o
                0x0000000008000456                MCAL_GPIO_Init
 .text.MCAL_RCC_GetSYS_CLKFreq
                0x0000000008000554       0x3c Inc/rcc.o
                0x0000000008000554                MCAL_RCC_GetSYS_CLKFreq
 .text.MCAL_RCC_GetHCLKFreq
                0x0000000008000590       0x28 Inc/rcc.o
                0x0000000008000590                MCAL_RCC_GetHCLKFreq
 .text.MCAL_RCC_GetPCLK1Freq
                0x00000000080005b8       0x28 Inc/rcc.o
                0x00000000080005b8                MCAL_RCC_GetPCLK1Freq
 .text.MCAL_RCC_GetPCLK2Freq
                0x00000000080005e0       0x28 Inc/rcc.o
                0x00000000080005e0                MCAL_RCC_GetPCLK2Freq
 .text.MCAL_UART_Init
                0x0000000008000608      0x1f8 Inc/usart.o
                0x0000000008000608                MCAL_UART_Init
 .text.MCAL_UART_GPIO_Set_Pins
                0x0000000008000800       0xd8 Inc/usart.o
                0x0000000008000800                MCAL_UART_GPIO_Set_Pins
 .text.MCAL_UART_SendData
                0x00000000080008d8       0x36 Inc/usart.o
                0x00000000080008d8                MCAL_UART_SendData
 *fill*         0x000000000800090e        0x2 
 .text.MCAL_UART_RecieveData
                0x0000000008000910       0x5c Inc/usart.o
                0x0000000008000910                MCAL_UART_RecieveData
 .text.USART1_IRQHandler
                0x000000000800096c       0x78 Inc/usart.o
                0x000000000800096c                USART1_IRQHandler
 .text.USART2_IRQHandler
                0x00000000080009e4       0x78 Inc/usart.o
                0x00000000080009e4                USART2_IRQHandler
 .text.USART3_IRQHandler
                0x0000000008000a5c       0x78 Inc/usart.o
                0x0000000008000a5c                USART3_IRQHandler
 .text.clock_init
                0x0000000008000ad4       0x34 Src/main.o
                0x0000000008000ad4                clock_init
 .text.UART_IRQ_Callback
                0x0000000008000b08       0x24 Src/main.o
                0x0000000008000b08                UART_IRQ_Callback
 .text.main     0x0000000008000b2c       0x54 Src/main.o
                0x0000000008000b2c                main
 .text.Reset_Handler
                0x0000000008000b80       0x50 Startup/startup_stm32f103c6tx.o
                0x0000000008000b80                Reset_Handler
 .text.Default_Handler
                0x0000000008000bd0        0x2 Startup/startup_stm32f103c6tx.o
                0x0000000008000bd0                TIM8_TRG_COM_IRQHandler
                0x0000000008000bd0                TIM8_CC_IRQHandler
                0x0000000008000bd0                DebugMon_Handler
                0x0000000008000bd0                TIM1_CC_IRQHandler
                0x0000000008000bd0                HardFault_Handler
                0x0000000008000bd0                TIM6_IRQHandler
                0x0000000008000bd0                SysTick_Handler
                0x0000000008000bd0                PVD_IRQHandler
                0x0000000008000bd0                SDIO_IRQHandler
                0x0000000008000bd0                PendSV_Handler
                0x0000000008000bd0                NMI_Handler
                0x0000000008000bd0                USB_HP_CAN_TX_IRQHandler
                0x0000000008000bd0                I2C2_EV_IRQHandler
                0x0000000008000bd0                UsageFault_Handler
                0x0000000008000bd0                ADC1_2_IRQHandler
                0x0000000008000bd0                SPI1_IRQHandler
                0x0000000008000bd0                CAN_SCE_IRQHandler
                0x0000000008000bd0                TAMPER_IRQHandler
                0x0000000008000bd0                TIM8_UP_IRQHandler
                0x0000000008000bd0                DMA2_Channel2_IRQHandler
                0x0000000008000bd0                DMA1_Channel4_IRQHandler
                0x0000000008000bd0                RTC_IRQHandler
                0x0000000008000bd0                DMA1_Channel7_IRQHandler
                0x0000000008000bd0                UART5_IRQHandler
                0x0000000008000bd0                ADC3_IRQHandler
                0x0000000008000bd0                TIM4_IRQHandler
                0x0000000008000bd0                CAN_RX1_IRQHandler
                0x0000000008000bd0                DMA2_Channel1_IRQHandler
                0x0000000008000bd0                I2C1_EV_IRQHandler
                0x0000000008000bd0                DMA1_Channel6_IRQHandler
                0x0000000008000bd0                UART4_IRQHandler
                0x0000000008000bd0                TIM3_IRQHandler
                0x0000000008000bd0                RCC_IRQHandler
                0x0000000008000bd0                TIM1_TRG_COM_IRQHandler
                0x0000000008000bd0                DMA1_Channel1_IRQHandler
                0x0000000008000bd0                Default_Handler
                0x0000000008000bd0                TIM7_IRQHandler
                0x0000000008000bd0                TIM5_IRQHandler
                0x0000000008000bd0                SPI2_IRQHandler
                0x0000000008000bd0                USB_LP_CAN_RX0_IRQHandler
                0x0000000008000bd0                MemManage_Handler
                0x0000000008000bd0                SVC_Handler
                0x0000000008000bd0                DMA1_Channel5_IRQHandler
                0x0000000008000bd0                DMA1_Channel3_IRQHandler
                0x0000000008000bd0                FSMC_IRQHandler
                0x0000000008000bd0                TIM1_UP_IRQHandler
                0x0000000008000bd0                WWDG_IRQHandler
                0x0000000008000bd0                TIM2_IRQHandler
                0x0000000008000bd0                TIM1_BRK_IRQHandler
                0x0000000008000bd0                RTCAlarm_IRQHandler
                0x0000000008000bd0                DMA2_Channel4_5_IRQHandler
                0x0000000008000bd0                I2C2_ER_IRQHandler
                0x0000000008000bd0                DMA1_Channel2_IRQHandler
                0x0000000008000bd0                TIM8_BRK_IRQHandler
                0x0000000008000bd0                FLASH_IRQHandler
                0x0000000008000bd0                BusFault_Handler
                0x0000000008000bd0                SPI3_IRQHandler
                0x0000000008000bd0                I2C1_ER_IRQHandler
                0x0000000008000bd0                DMA2_Channel3_IRQHandler
 *fill*         0x0000000008000bd2        0x2 
 .text.__libc_init_array
                0x0000000008000bd4       0x48 c:/st/stm32cubeide_1.4.0/stm32cubeide/plugins/com.st.stm32cube.ide.mcu.externaltools.gnu-tools-for-stm32.7-2018-q2-update.win32_1.4.0.202007081208/tools/bin/../lib/gcc/arm-none-eabi/7.3.1/../../../../arm-none-eabi/lib/thumb/v7-m\libc_nano.a(lib_a-init.o)
                0x0000000008000bd4                __libc_init_array
 *(.glue_7)
 .glue_7        0x0000000008000c1c        0x0 linker stubs
 *(.glue_7t)
 .glue_7t       0x0000000008000c1c        0x0 linker stubs
 *(.eh_frame)
 .eh_frame      0x0000000008000c1c        0x0 c:/st/stm32cubeide_1.4.0/stm32cubeide/plugins/com.st.stm32cube.ide.mcu.externaltools.gnu-tools-for-stm32.7-2018-q2-update.win32_1.4.0.202007081208/tools/bin/../lib/gcc/arm-none-eabi/7.3.1/thumb/v7-m/crtbegin.o
 *(.init)
 .init          0x0000000008000c1c        0x4 c:/st/stm32cubeide_1.4.0/stm32cubeide/plugins/com.st.stm32cube.ide.mcu.externaltools.gnu-tools-for-stm32.7-2018-q2-update.win32_1.4.0.202007081208/tools/bin/../lib/gcc/arm-none-eabi/7.3.1/thumb/v7-m/crti.o
                0x0000000008000c1c                _init
 .init          0x0000000008000c20        0x8 c:/st/stm32cubeide_1.4.0/stm32cubeide/plugins/com.st.stm32cube.ide.mcu.externaltools.gnu-tools-for-stm32.7-2018-q2-update.win32_1.4.0.202007081208/tools/bin/../lib/gcc/arm-none-eabi/7.3.1/thumb/v7-m/crtn.o
 *(.fini)
 .fini          0x0000000008000c28        0x4 c:/st/stm32cubeide_1.4.0/stm32cubeide/plugins/com.st.stm32cube.ide.mcu.externaltools.gnu-tools-for-stm32.7-2018-q2-update.win32_1.4.0.202007081208/tools/bin/../lib/gcc/arm-none-eabi/7.3.1/thumb/v7-m/crti.o
                0x0000000008000c28                _fini
 .fini          0x0000000008000c2c        0x8 c:/st/stm32cubeide_1.4.0/stm32cubeide/plugins/com.st.stm32cube.ide.mcu.externaltools.gnu-tools-for-stm32.7-2018-q2-update.win32_1.4.0.202007081208/tools/bin/../lib/gcc/arm-none-eabi/7.3.1/thumb/v7-m/crtn.o
                0x0000000008000c34                . = ALIGN (0x4)
                0x0000000008000c34                _etext = .

.vfp11_veneer   0x0000000008000c34        0x0
 .vfp11_veneer  0x0000000008000c34        0x0 linker stubs

.v4_bx          0x0000000008000c34        0x0
 .v4_bx         0x0000000008000c34        0x0 linker stubs

.iplt           0x0000000008000c34        0x0
 .iplt          0x0000000008000c34        0x0 c:/st/stm32cubeide_1.4.0/stm32cubeide/plugins/com.st.stm32cube.ide.mcu.externaltools.gnu-tools-for-stm32.7-2018-q2-update.win32_1.4.0.202007081208/tools/bin/../lib/gcc/arm-none-eabi/7.3.1/thumb/v7-m/crtbegin.o

.rel.dyn        0x0000000008000c34        0x0
 .rel.iplt      0x0000000008000c34        0x0 c:/st/stm32cubeide_1.4.0/stm32cubeide/plugins/com.st.stm32cube.ide.mcu.externaltools.gnu-tools-for-stm32.7-2018-q2-update.win32_1.4.0.202007081208/tools/bin/../lib/gcc/arm-none-eabi/7.3.1/thumb/v7-m/crtbegin.o

.rodata         0x0000000008000c34        0x0
                0x0000000008000c34                . = ALIGN (0x4)
 *(.rodata)
 *(.rodata*)
                0x0000000008000c34                . = ALIGN (0x4)

.ARM.extab      0x0000000008000c34        0x0
                0x0000000008000c34                . = ALIGN (0x4)
 *(.ARM.extab* .gnu.linkonce.armextab.*)
                0x0000000008000c34                . = ALIGN (0x4)

.ARM            0x0000000008000c34        0x0
                0x0000000008000c34                . = ALIGN (0x4)
                0x0000000008000c34                __exidx_start = .
 *(.ARM.exidx*)
                0x0000000008000c34                __exidx_end = .
                0x0000000008000c34                . = ALIGN (0x4)

.preinit_array  0x0000000008000c34        0x0
                0x0000000008000c34                . = ALIGN (0x4)
                0x0000000008000c34                PROVIDE (__preinit_array_start = .)
 *(.preinit_array*)
                0x0000000008000c34                PROVIDE (__preinit_array_end = .)
                0x0000000008000c34                . = ALIGN (0x4)

.init_array     0x0000000008000c34        0x4
                0x0000000008000c34                . = ALIGN (0x4)
                0x0000000008000c34                PROVIDE (__init_array_start = .)
 *(SORT_BY_NAME(.init_array.*))
 *(.init_array*)
 .init_array    0x0000000008000c34        0x4 c:/st/stm32cubeide_1.4.0/stm32cubeide/plugins/com.st.stm32cube.ide.mcu.externaltools.gnu-tools-for-stm32.7-2018-q2-update.win32_1.4.0.202007081208/tools/bin/../lib/gcc/arm-none-eabi/7.3.1/thumb/v7-m/crtbegin.o
                0x0000000008000c38                PROVIDE (__init_array_end = .)
                0x0000000008000c38                . = ALIGN (0x4)

.fini_array     0x0000000008000c38        0x4
                0x0000000008000c38                . = ALIGN (0x4)
                [!provide]                        PROVIDE (__fini_array_start = .)
 *(SORT_BY_NAME(.fini_array.*))
 *(.fini_array*)
 .fini_array    0x0000000008000c38        0x4 c:/st/stm32cubeide_1.4.0/stm32cubeide/plugins/com.st.stm32cube.ide.mcu.externaltools.gnu-tools-for-stm32.7-2018-q2-update.win32_1.4.0.202007081208/tools/bin/../lib/gcc/arm-none-eabi/7.3.1/thumb/v7-m/crtbegin.o
                [!provide]                        PROVIDE (__fini_array_end = .)
                0x0000000008000c3c                . = ALIGN (0x4)
                0x0000000008000c3c                _sidata = LOADADDR (.data)

.data           0x0000000020000000       0x18 load address 0x0000000008000c3c
                0x0000000020000000                . = ALIGN (0x4)
                0x0000000020000000                _sdata = .
 *(.data)
 *(.data*)
 .data.APBPrescTable
                0x0000000020000000        0x8 Inc/rcc.o
                0x0000000020000000                APBPrescTable
 .data.AHBPrescTable
                0x0000000020000008       0x10 Inc/rcc.o
                0x0000000020000008                AHBPrescTable
                0x0000000020000018                . = ALIGN (0x4)
                0x0000000020000018                _edata = .

.igot.plt       0x0000000020000018        0x0 load address 0x0000000008000c54
 .igot.plt      0x0000000020000018        0x0 c:/st/stm32cubeide_1.4.0/stm32cubeide/plugins/com.st.stm32cube.ide.mcu.externaltools.gnu-tools-for-stm32.7-2018-q2-update.win32_1.4.0.202007081208/tools/bin/../lib/gcc/arm-none-eabi/7.3.1/thumb/v7-m/crtbegin.o
                0x0000000020000018                . = ALIGN (0x4)

.bss            0x0000000020000018       0x90 load address 0x0000000008000c54
                0x0000000020000018                _sbss = .
                0x0000000020000018                __bss_start__ = _sbss
 *(.bss)
 .bss           0x0000000020000018       0x1c c:/st/stm32cubeide_1.4.0/stm32cubeide/plugins/com.st.stm32cube.ide.mcu.externaltools.gnu-tools-for-stm32.7-2018-q2-update.win32_1.4.0.202007081208/tools/bin/../lib/gcc/arm-none-eabi/7.3.1/thumb/v7-m/crtbegin.o
 *(.bss*)
 .bss.Global_UART_Config
                0x0000000020000034        0x4 Inc/usart.o
                0x0000000020000034                Global_UART_Config
 .bss.Global_I_UART
                0x0000000020000038       0x30 Inc/usart.o
                0x0000000020000038                Global_I_UART
 *(COMMON)
 COMMON         0x0000000020000068       0x3c Inc/EXTI.o
                0x0000000020000068                GP_IRQ_callBack
 COMMON         0x00000000200000a4        0x2 Src/main.o
                0x00000000200000a4                ch
                0x00000000200000a8                . = ALIGN (0x4)
 *fill*         0x00000000200000a6        0x2 
                0x00000000200000a8                _ebss = .
                0x00000000200000a8                __bss_end__ = _ebss

._user_heap_stack
                0x00000000200000a8      0x600 load address 0x0000000008000c54
                0x00000000200000a8                . = ALIGN (0x8)
                [!provide]                        PROVIDE (end = .)
                0x00000000200000a8                PROVIDE (_end = .)
                0x00000000200002a8                . = (. + _Min_Heap_Size)
 *fill*         0x00000000200000a8      0x200 
                0x00000000200006a8                . = (. + _Min_Stack_Size)
 *fill*         0x00000000200002a8      0x400 
                0x00000000200006a8                . = ALIGN (0x8)

/DISCARD/
 libc.a(*)
 libm.a(*)
 libgcc.a(*)

.ARM.attributes
                0x0000000000000000       0x29
 *(.ARM.attributes)
 .ARM.attributes
                0x0000000000000000       0x1d c:/st/stm32cubeide_1.4.0/stm32cubeide/plugins/com.st.stm32cube.ide.mcu.externaltools.gnu-tools-for-stm32.7-2018-q2-update.win32_1.4.0.202007081208/tools/bin/../lib/gcc/arm-none-eabi/7.3.1/thumb/v7-m/crti.o
 .ARM.attributes
                0x000000000000001d       0x2d c:/st/stm32cubeide_1.4.0/stm32cubeide/plugins/com.st.stm32cube.ide.mcu.externaltools.gnu-tools-for-stm32.7-2018-q2-update.win32_1.4.0.202007081208/tools/bin/../lib/gcc/arm-none-eabi/7.3.1/thumb/v7-m/crtbegin.o
 .ARM.attributes
                0x000000000000004a       0x33 Inc/EXTI.o
 .ARM.attributes
                0x000000000000007d       0x33 Inc/Stm32_F103C6_gpio_driver.o
 .ARM.attributes
                0x00000000000000b0       0x33 Inc/rcc.o
 .ARM.attributes
                0x00000000000000e3       0x33 Inc/usart.o
 .ARM.attributes
                0x0000000000000116       0x33 Src/main.o
 .ARM.attributes
                0x0000000000000149       0x21 Startup/startup_stm32f103c6tx.o
 .ARM.attributes
                0x000000000000016a       0x2d c:/st/stm32cubeide_1.4.0/stm32cubeide/plugins/com.st.stm32cube.ide.mcu.externaltools.gnu-tools-for-stm32.7-2018-q2-update.win32_1.4.0.202007081208/tools/bin/../lib/gcc/arm-none-eabi/7.3.1/../../../../arm-none-eabi/lib/thumb/v7-m\libc_nano.a(lib_a-init.o)
 .ARM.attributes
                0x0000000000000197       0x1d c:/st/stm32cubeide_1.4.0/stm32cubeide/plugins/com.st.stm32cube.ide.mcu.externaltools.gnu-tools-for-stm32.7-2018-q2-update.win32_1.4.0.202007081208/tools/bin/../lib/gcc/arm-none-eabi/7.3.1/thumb/v7-m/crtn.o
OUTPUT(Drivers.elf elf32-littlearm)

.debug_info     0x0000000000000000     0x4165
 .debug_info    0x0000000000000000      0xdbd Inc/EXTI.o
 .debug_info    0x0000000000000dbd      0xd5d Inc/Stm32_F103C6_gpio_driver.o
 .debug_info    0x0000000000001b1a      0xafa Inc/rcc.o
 .debug_info    0x0000000000002614      0xe71 Inc/usart.o
 .debug_info    0x0000000000003485      0xcbe Src/main.o
 .debug_info    0x0000000000004143       0x22 Startup/startup_stm32f103c6tx.o

.debug_abbrev   0x0000000000000000      0xa69
 .debug_abbrev  0x0000000000000000      0x228 Inc/EXTI.o
 .debug_abbrev  0x0000000000000228      0x232 Inc/Stm32_F103C6_gpio_driver.o
 .debug_abbrev  0x000000000000045a      0x19b Inc/rcc.o
 .debug_abbrev  0x00000000000005f5      0x23d Inc/usart.o
 .debug_abbrev  0x0000000000000832      0x225 Src/main.o
 .debug_abbrev  0x0000000000000a57       0x12 Startup/startup_stm32f103c6tx.o

.debug_loc      0x0000000000000000      0xab0
 .debug_loc     0x0000000000000000      0x320 Inc/EXTI.o
 .debug_loc     0x0000000000000320      0x330 Inc/Stm32_F103C6_gpio_driver.o
 .debug_loc     0x0000000000000650       0xc8 Inc/rcc.o
 .debug_loc     0x0000000000000718      0x294 Inc/usart.o
 .debug_loc     0x00000000000009ac      0x104 Src/main.o

.debug_aranges  0x0000000000000000      0x1d8
 .debug_aranges
                0x0000000000000000       0x80 Inc/EXTI.o
 .debug_aranges
                0x0000000000000080       0x60 Inc/Stm32_F103C6_gpio_driver.o
 .debug_aranges
                0x00000000000000e0       0x38 Inc/rcc.o
 .debug_aranges
                0x0000000000000118       0x60 Inc/usart.o
 .debug_aranges
                0x0000000000000178       0x38 Src/main.o
 .debug_aranges
                0x00000000000001b0       0x28 Startup/startup_stm32f103c6tx.o

.debug_ranges   0x0000000000000000      0x180
 .debug_ranges  0x0000000000000000       0x70 Inc/EXTI.o
 .debug_ranges  0x0000000000000070       0x50 Inc/Stm32_F103C6_gpio_driver.o
 .debug_ranges  0x00000000000000c0       0x28 Inc/rcc.o
 .debug_ranges  0x00000000000000e8       0x50 Inc/usart.o
 .debug_ranges  0x0000000000000138       0x28 Src/main.o
 .debug_ranges  0x0000000000000160       0x20 Startup/startup_stm32f103c6tx.o

.debug_macro    0x0000000000000000     0x2855
 .debug_macro   0x0000000000000000      0x14e Inc/EXTI.o
 .debug_macro   0x000000000000014e      0xa60 Inc/EXTI.o
 .debug_macro   0x0000000000000bae       0x18 Inc/EXTI.o
 .debug_macro   0x0000000000000bc6       0x22 Inc/EXTI.o
 .debug_macro   0x0000000000000be8       0x40 Inc/EXTI.o
 .debug_macro   0x0000000000000c28       0x94 Inc/EXTI.o
 .debug_macro   0x0000000000000cbc       0x3c Inc/EXTI.o
 .debug_macro   0x0000000000000cf8       0x34 Inc/EXTI.o
 .debug_macro   0x0000000000000d2c       0x16 Inc/EXTI.o
 .debug_macro   0x0000000000000d42      0x10e Inc/EXTI.o
 .debug_macro   0x0000000000000e50       0x8d Inc/EXTI.o
 .debug_macro   0x0000000000000edd       0x57 Inc/EXTI.o
 .debug_macro   0x0000000000000f34       0x52 Inc/EXTI.o
 .debug_macro   0x0000000000000f86       0x1f Inc/EXTI.o
 .debug_macro   0x0000000000000fa5       0x43 Inc/EXTI.o
 .debug_macro   0x0000000000000fe8       0x20 Inc/EXTI.o
 .debug_macro   0x0000000000001008      0x1a3 Inc/EXTI.o
 .debug_macro   0x00000000000011ab      0x330 Inc/EXTI.o
 .debug_macro   0x00000000000014db       0x16 Inc/EXTI.o
 .debug_macro   0x00000000000014f1       0x29 Inc/EXTI.o
 .debug_macro   0x000000000000151a       0xef Inc/EXTI.o
 .debug_macro   0x0000000000001609       0x6a Inc/EXTI.o
 .debug_macro   0x0000000000001673      0x1df Inc/EXTI.o
 .debug_macro   0x0000000000001852      0x240 Inc/EXTI.o
 .debug_macro   0x0000000000001a92       0xd6 Inc/EXTI.o
 .debug_macro   0x0000000000001b68      0x28a Inc/EXTI.o
 .debug_macro   0x0000000000001df2      0x13f Inc/Stm32_F103C6_gpio_driver.o
 .debug_macro   0x0000000000001f31       0xd0 Inc/Stm32_F103C6_gpio_driver.o
 .debug_macro   0x0000000000002001      0x13f Inc/rcc.o
 .debug_macro   0x0000000000002140       0x10 Inc/rcc.o
 .debug_macro   0x0000000000002150      0x151 Inc/usart.o
 .debug_macro   0x00000000000022a1       0x16 Inc/usart.o
 .debug_macro   0x00000000000022b7       0xee Inc/usart.o
 .debug_macro   0x00000000000023a5      0x180 Src/main.o
 .debug_macro   0x0000000000002525       0xa0 Src/main.o
 .debug_macro   0x00000000000025c5      0x290 Src/main.o

.debug_line     0x0000000000000000     0x1ee8
 .debug_line    0x0000000000000000      0x6ba Inc/EXTI.o
 .debug_line    0x00000000000006ba      0x62c Inc/Stm32_F103C6_gpio_driver.o
 .debug_line    0x0000000000000ce6      0x520 Inc/rcc.o
 .debug_line    0x0000000000001206      0x6c4 Inc/usart.o
 .debug_line    0x00000000000018ca      0x59a Src/main.o
 .debug_line    0x0000000000001e64       0x84 Startup/startup_stm32f103c6tx.o

.debug_str      0x0000000000000000     0xa504
 .debug_str     0x0000000000000000     0x973e Inc/EXTI.o
                                       0x99ae (size before relaxing)
 .debug_str     0x000000000000973e      0x14a Inc/Stm32_F103C6_gpio_driver.o
                                       0x80c7 (size before relaxing)
 .debug_str     0x0000000000009888       0xc4 Inc/rcc.o
                                       0x7c0a (size before relaxing)
 .debug_str     0x000000000000994c      0x845 Inc/usart.o
                                       0x884c (size before relaxing)
 .debug_str     0x000000000000a191      0x342 Src/main.o
                                       0xa250 (size before relaxing)
 .debug_str     0x000000000000a4d3       0x31 Startup/startup_stm32f103c6tx.o
                                         0x66 (size before relaxing)

.comment        0x0000000000000000       0x7b
 .comment       0x0000000000000000       0x7b Inc/EXTI.o
                                         0x7c (size before relaxing)
 .comment       0x000000000000007b       0x7c Inc/Stm32_F103C6_gpio_driver.o
 .comment       0x000000000000007b       0x7c Inc/rcc.o
 .comment       0x000000000000007b       0x7c Inc/usart.o
 .comment       0x000000000000007b       0x7c Src/main.o

.debug_frame    0x0000000000000000      0x5bc
 .debug_frame   0x0000000000000000      0x1b0 Inc/EXTI.o
 .debug_frame   0x00000000000001b0      0x178 Inc/Stm32_F103C6_gpio_driver.o
 .debug_frame   0x0000000000000328       0x84 Inc/rcc.o
 .debug_frame   0x00000000000003ac      0x150 Inc/usart.o
 .debug_frame   0x00000000000004fc       0x94 Src/main.o
 .debug_frame   0x0000000000000590       0x2c c:/st/stm32cubeide_1.4.0/stm32cubeide/plugins/com.st.stm32cube.ide.mcu.externaltools.gnu-tools-for-stm32.7-2018-q2-update.win32_1.4.0.202007081208/tools/bin/../lib/gcc/arm-none-eabi/7.3.1/../../../../arm-none-eabi/lib/thumb/v7-m\libc_nano.a(lib_a-init.o)
